21:32:21 **** Incremental Build of configuration Debug for project Dev ****
Info: Internal Builder is used for build
arm-atollic-eabi-gcc -c -mthumb -mcpu=cortex-m4 -mfloat-abi=hard -mfpu=fpv4-sp-d16 -std=gnu90 -DUSE_STM32F4_DISCOVERY -DHSE_VALUE=8000000 -DSTM32F4XX -DSTM32F40XX -DUSE_STDPERIPH_DRIVER -I../src -I..\Libraries\CMSIS\Include -I..\Libraries\Device\STM32F4xx\Include -I..\Libraries\STM32F4xx_StdPeriph_Driver\inc -I..\Utilities\STM32F4-Discovery -O0 -ffunction-sections -fdata-sections -g -Wall -o src\main.o ..\src\main.c 
arm-atollic-eabi-gcc src\uart.o src\tiny_printf.o src\timer.o src\system_stm32f4xx.o src\stm32f4xx_it.o src\startup_stm32f40xx.o src\standby.o src\main.o src\led.o src\i2c.o src\debug_gpio.o src\camera_image.o src\button.o Utilities\STM32F4-Discovery\stm32f4_discovery_lis302dl.o Utilities\STM32F4-Discovery\stm32f4_discovery_audio_codec.o Utilities\STM32F4-Discovery\stm32f4_discovery.o Libraries\STM32F4xx_StdPeriph_Driver\src\stm32f4xx_wwdg.o Libraries\STM32F4xx_StdPeriph_Driver\src\stm32f4xx_usart.o Libraries\STM32F4xx_StdPeriph_Driver\src\stm32f4xx_tim.o Libraries\STM32F4xx_StdPeriph_Driver\src\stm32f4xx_syscfg.o Libraries\STM32F4xx_StdPeriph_Driver\src\stm32f4xx_spi.o Libraries\STM32F4xx_StdPeriph_Driver\src\stm32f4xx_sdio.o Libraries\STM32F4xx_StdPeriph_Driver\src\stm32f4xx_rtc.o Libraries\STM32F4xx_StdPeriph_Driver\src\stm32f4xx_rng.o Libraries\STM32F4xx_StdPeriph_Driver\src\stm32f4xx_rcc.o Libraries\STM32F4xx_StdPeriph_Driver\src\stm32f4xx_pwr.o Libraries\STM32F4xx_StdPeriph_Driver\src\stm32f4xx_iwdg.o Libraries\STM32F4xx_StdPeriph_Driver\src\stm32f4xx_i2c.o Libraries\STM32F4xx_StdPeriph_Driver\src\stm32f4xx_hash_sha1.o Libraries\STM32F4xx_StdPeriph_Driver\src\stm32f4xx_hash_md5.o Libraries\STM32F4xx_StdPeriph_Driver\src\stm32f4xx_hash.o Libraries\STM32F4xx_StdPeriph_Driver\src\stm32f4xx_gpio.o Libraries\STM32F4xx_StdPeriph_Driver\src\stm32f4xx_fsmc.o Libraries\STM32F4xx_StdPeriph_Driver\src\stm32f4xx_flash.o Libraries\STM32F4xx_StdPeriph_Driver\src\stm32f4xx_exti.o Libraries\STM32F4xx_StdPeriph_Driver\src\stm32f4xx_dma.o Libraries\STM32F4xx_StdPeriph_Driver\src\stm32f4xx_dcmi.o Libraries\STM32F4xx_StdPeriph_Driver\src\stm32f4xx_dbgmcu.o Libraries\STM32F4xx_StdPeriph_Driver\src\stm32f4xx_dac.o Libraries\STM32F4xx_StdPeriph_Driver\src\stm32f4xx_cryp_tdes.o Libraries\STM32F4xx_StdPeriph_Driver\src\stm32f4xx_cryp_des.o Libraries\STM32F4xx_StdPeriph_Driver\src\stm32f4xx_cryp_aes.o Libraries\STM32F4xx_StdPeriph_Driver\src\stm32f4xx_cryp.o Libraries\STM32F4xx_StdPeriph_Driver\src\stm32f4xx_crc.o Libraries\STM32F4xx_StdPeriph_Driver\src\stm32f4xx_can.o Libraries\STM32F4xx_StdPeriph_Driver\src\stm32f4xx_adc.o Libraries\STM32F4xx_StdPeriph_Driver\src\misc.o -o Dev.elf -mthumb -mcpu=cortex-m4 -mfloat-abi=hard -mfpu=fpv4-sp-d16 -T..\stm32f4_flash.ld -Wl,--start-group -lc_s -lm -Wl,--end-group -static -Wl,-cref,-u,Reset_Handler -Wl,-Map=Dev.map -Wl,--gc-sections -Wl,--defsym=malloc_getpagesize_P=0x1000 
C:\Program Files (x86)\Atollic\TrueSTUDIO for ARM Lite 4.0.1\ide\jre\bin\java -jar C:\Program Files (x86)\Atollic\TrueSTUDIO for ARM Lite 4.0.1\Tools\arm-atollic-reports.jar sizeinfo Dev.elf 
Generate build reports...
Print size information
   text	   data	    bss	    dec	    hex	filename
   9092	     44	   1180	  10316	   284c	Dev.elf
Print size information done
Generate build reports done

21:32:41 Build Finished (took 19s.651ms)

