Archive member included because of file (symbol)

c:/program files/atollic/truestudio for arm lite 4.0.1/armtools/bin/../lib/gcc/arm-atollic-eabi/4.7.3/../../../../arm-atollic-eabi/lib/armv7e-m/fpu\libc.a(lib_a-init.o)
                              Debug/src/startup_stm32f40xx.o (__libc_init_array)
c:/program files/atollic/truestudio for arm lite 4.0.1/armtools/bin/../lib/gcc/arm-atollic-eabi/4.7.3/../../../../arm-atollic-eabi/lib/armv7e-m/fpu\libc.a(lib_a-memcpy.o)
                              Debug/src/main.o (memcpy)
c:/program files/atollic/truestudio for arm lite 4.0.1/armtools/bin/../lib/gcc/arm-atollic-eabi/4.7.3/../../../../arm-atollic-eabi/lib/armv7e-m/fpu\libc.a(lib_a-strlen.o)
                              Debug/src/tiny_printf.o (strlen)
c:/program files/atollic/truestudio for arm lite 4.0.1/armtools/bin/../lib/gcc/arm-atollic-eabi/4.7.3/../../../../arm-atollic-eabi/lib/armv7e-m/fpu\libc.a(lib_a-syscalls.o)
                              Debug/src/tiny_printf.o (_write)
c:/program files/atollic/truestudio for arm lite 4.0.1/armtools/bin/../lib/gcc/arm-atollic-eabi/4.7.3/../../../../arm-atollic-eabi/lib/armv7e-m/fpu\libc.a(lib_a-reent.o)
                              c:/program files/atollic/truestudio for arm lite 4.0.1/armtools/bin/../lib/gcc/arm-atollic-eabi/4.7.3/../../../../arm-atollic-eabi/lib/armv7e-m/fpu\libc.a(lib_a-syscalls.o) (errno)
c:/program files/atollic/truestudio for arm lite 4.0.1/armtools/bin/../lib/gcc/arm-atollic-eabi/4.7.3/../../../../arm-atollic-eabi/lib/armv7e-m/fpu\libc.a(lib_a-freer.o)
                              c:/program files/atollic/truestudio for arm lite 4.0.1/armtools/bin/../lib/gcc/arm-atollic-eabi/4.7.3/../../../../arm-atollic-eabi/lib/armv7e-m/fpu\libc.a(lib_a-reent.o) (_free_r)
c:/program files/atollic/truestudio for arm lite 4.0.1/armtools/bin/../lib/gcc/arm-atollic-eabi/4.7.3/../../../../arm-atollic-eabi/lib/armv7e-m/fpu\libc.a(lib_a-impure.o)
                              c:/program files/atollic/truestudio for arm lite 4.0.1/armtools/bin/../lib/gcc/arm-atollic-eabi/4.7.3/../../../../arm-atollic-eabi/lib/armv7e-m/fpu\libc.a(lib_a-reent.o) (_impure_ptr)
c:/program files/atollic/truestudio for arm lite 4.0.1/armtools/bin/../lib/gcc/arm-atollic-eabi/4.7.3/../../../../arm-atollic-eabi/lib/armv7e-m/fpu\libc.a(lib_a-mallocr.o)
                              c:/program files/atollic/truestudio for arm lite 4.0.1/armtools/bin/../lib/gcc/arm-atollic-eabi/4.7.3/../../../../arm-atollic-eabi/lib/armv7e-m/fpu\libc.a(lib_a-freer.o) (__malloc_current_mallinfo)
c:/program files/atollic/truestudio for arm lite 4.0.1/armtools/bin/../lib/gcc/arm-atollic-eabi/4.7.3/../../../../arm-atollic-eabi/lib/armv7e-m/fpu\libc.a(lib_a-mlock.o)
                              c:/program files/atollic/truestudio for arm lite 4.0.1/armtools/bin/../lib/gcc/arm-atollic-eabi/4.7.3/../../../../arm-atollic-eabi/lib/armv7e-m/fpu\libc.a(lib_a-freer.o) (__malloc_lock)
c:/program files/atollic/truestudio for arm lite 4.0.1/armtools/bin/../lib/gcc/arm-atollic-eabi/4.7.3/../../../../arm-atollic-eabi/lib/armv7e-m/fpu\libc.a(lib_a-sbrkr.o)
                              c:/program files/atollic/truestudio for arm lite 4.0.1/armtools/bin/../lib/gcc/arm-atollic-eabi/4.7.3/../../../../arm-atollic-eabi/lib/armv7e-m/fpu\libc.a(lib_a-freer.o) (_sbrk_r)

Allocating common symbols
Common symbol       size              file

errno               0x4               c:/program files/atollic/truestudio for arm lite 4.0.1/armtools/bin/../lib/gcc/arm-atollic-eabi/4.7.3/../../../../arm-atollic-eabi/lib/armv7e-m/fpu\libc.a(lib_a-reent.o)
outstr              0xc8              Debug/src/main.o
outBuffer           0x15              Debug/src/main.o
inBuffer            0x15              Debug/src/main.o

Discarded input sections

 .text          0x00000000        0x0 c:/program files/atollic/truestudio for arm lite 4.0.1/armtools/bin/../lib/gcc/arm-atollic-eabi/4.7.3/armv7e-m/fpu/crti.o
 .data          0x00000000        0x0 c:/program files/atollic/truestudio for arm lite 4.0.1/armtools/bin/../lib/gcc/arm-atollic-eabi/4.7.3/armv7e-m/fpu/crti.o
 .bss           0x00000000        0x0 c:/program files/atollic/truestudio for arm lite 4.0.1/armtools/bin/../lib/gcc/arm-atollic-eabi/4.7.3/armv7e-m/fpu/crti.o
 .data          0x00000000        0x4 c:/program files/atollic/truestudio for arm lite 4.0.1/armtools/bin/../lib/gcc/arm-atollic-eabi/4.7.3/armv7e-m/fpu/crtbegin.o
 .text          0x00000000        0x0 Debug/Libraries/STM32F4xx_StdPeriph_Driver/src/misc.o
 .data          0x00000000        0x0 Debug/Libraries/STM32F4xx_StdPeriph_Driver/src/misc.o
 .bss           0x00000000        0x0 Debug/Libraries/STM32F4xx_StdPeriph_Driver/src/misc.o
 .text.NVIC_PriorityGroupConfig
                0x00000000       0x28 Debug/Libraries/STM32F4xx_StdPeriph_Driver/src/misc.o
 .text.NVIC_SetVectorTable
                0x00000000       0x2c Debug/Libraries/STM32F4xx_StdPeriph_Driver/src/misc.o
 .text.NVIC_SystemLPConfig
[...]
Memory Configuration

Name             Origin             Length             Attributes
FLASH            0x08000000         0x00100000         xr
RAM              0x20000000         0x00020000         xrw
MEMORY_B1        0x60000000         0x00000000         xr
CCMRAM           0x10000000         0x00010000         rw
*default*        0x00000000         0xffffffff

Linker script and memory map

LOAD c:/program files/atollic/truestudio for arm lite 4.0.1/armtools/bin/../lib/gcc/arm-atollic-eabi/4.7.3/armv7e-m/fpu/crti.o
LOAD c:/program files/atollic/truestudio for arm lite 4.0.1/armtools/bin/../lib/gcc/arm-atollic-eabi/4.7.3/armv7e-m/fpu/crtbegin.o
LOAD Debug/Libraries/STM32F4xx_StdPeriph_Driver/src/misc.o
LOAD Debug/Libraries/STM32F4xx_StdPeriph_Driver/src/stm32f4xx_adc.o
LOAD Debug/Libraries/STM32F4xx_StdPeriph_Driver/src/stm32f4xx_can.o
LOAD Debug/Libraries/STM32F4xx_StdPeriph_Driver/src/stm32f4xx_crc.o
LOAD Debug/Libraries/STM32F4xx_StdPeriph_Driver/src/stm32f4xx_cryp.o
LOAD Debug/Libraries/STM32F4xx_StdPeriph_Driver/src/stm32f4xx_cryp_aes.o
LOAD Debug/Libraries/STM32F4xx_StdPeriph_Driver/src/stm32f4xx_cryp_des.o
LOAD Debug/Libraries/STM32F4xx_StdPeriph_Driver/src/stm32f4xx_cryp_tdes.o
LOAD Debug/Libraries/STM32F4xx_StdPeriph_Driver/src/stm32f4xx_dac.o
LOAD Debug/Libraries/STM32F4xx_StdPeriph_Driver/src/stm32f4xx_dbgmcu.o
LOAD Debug/Libraries/STM32F4xx_StdPeriph_Driver/src/stm32f4xx_dcmi.o
LOAD Debug/Libraries/STM32F4xx_StdPeriph_Driver/src/stm32f4xx_dma.o
LOAD Debug/Libraries/STM32F4xx_StdPeriph_Driver/src/stm32f4xx_exti.o
LOAD Debug/Libraries/STM32F4xx_StdPeriph_Driver/src/stm32f4xx_flash.o
LOAD Debug/Libraries/STM32F4xx_StdPeriph_Driver/src/stm32f4xx_fsmc.o
LOAD Debug/Libraries/STM32F4xx_StdPeriph_Driver/src/stm32f4xx_gpio.o
LOAD Debug/Libraries/STM32F4xx_StdPeriph_Driver/src/stm32f4xx_hash.o
LOAD Debug/Libraries/STM32F4xx_StdPeriph_Driver/src/stm32f4xx_hash_md5.o
LOAD Debug/Libraries/STM32F4xx_StdPeriph_Driver/src/stm32f4xx_hash_sha1.o
LOAD Debug/Libraries/STM32F4xx_StdPeriph_Driver/src/stm32f4xx_i2c.o
LOAD Debug/Libraries/STM32F4xx_StdPeriph_Driver/src/stm32f4xx_iwdg.o
LOAD Debug/Libraries/STM32F4xx_StdPeriph_Driver/src/stm32f4xx_pwr.o
LOAD Debug/Libraries/STM32F4xx_StdPeriph_Driver/src/stm32f4xx_rcc.o
LOAD Debug/Libraries/STM32F4xx_StdPeriph_Driver/src/stm32f4xx_rng.o
LOAD Debug/Libraries/STM32F4xx_StdPeriph_Driver/src/stm32f4xx_rtc.o
LOAD Debug/Libraries/STM32F4xx_StdPeriph_Driver/src/stm32f4xx_sdio.o
LOAD Debug/Libraries/STM32F4xx_StdPeriph_Driver/src/stm32f4xx_spi.o
LOAD Debug/Libraries/STM32F4xx_StdPeriph_Driver/src/stm32f4xx_syscfg.o
LOAD Debug/Libraries/STM32F4xx_StdPeriph_Driver/src/stm32f4xx_tim.o
LOAD Debug/Libraries/STM32F4xx_StdPeriph_Driver/src/stm32f4xx_usart.o
LOAD Debug/Libraries/STM32F4xx_StdPeriph_Driver/src/stm32f4xx_wwdg.o
LOAD Debug/src/button.o
LOAD Debug/src/debug_gpio.o
LOAD Debug/src/i2c.o
LOAD Debug/src/led.o
LOAD Debug/src/main.o
LOAD Debug/src/motor_adc.o
LOAD Debug/src/motor_pwm.o
LOAD Debug/src/standby.o
LOAD Debug/src/stm32f4xx_it.o
LOAD Debug/src/system_stm32f4xx.o
LOAD Debug/src/timer.o
LOAD Debug/src/tiny_printf.o
LOAD Debug/src/uart.o
LOAD Debug/src/startup_stm32f40xx.o
LOAD c:/program files/atollic/truestudio for arm lite 4.0.1/armtools/bin/../lib/gcc/arm-atollic-eabi/4.7.3/../../../../arm-atollic-eabi/lib/armv7e-m/fpu\libm.a
START GROUP
LOAD c:/program files/atollic/truestudio for arm lite 4.0.1/armtools/bin/../lib/gcc/arm-atollic-eabi/4.7.3/../../../../arm-atollic-eabi/lib/armv7e-m/fpu\libc.a
LOAD c:/program files/atollic/truestudio for arm lite 4.0.1/armtools/bin/../lib/gcc/arm-atollic-eabi/4.7.3/../../../../arm-atollic-eabi/lib/armv7e-m/fpu\libm.a
END GROUP
                0x00001000                malloc_getpagesize_P = 0x1000
START GROUP
LOAD c:/program files/atollic/truestudio for arm lite 4.0.1/armtools/bin/../lib/gcc/arm-atollic-eabi/4.7.3/armv7e-m/fpu\libgcc.a
LOAD c:/program files/atollic/truestudio for arm lite 4.0.1/armtools/bin/../lib/gcc/arm-atollic-eabi/4.7.3/../../../../arm-atollic-eabi/lib/armv7e-m/fpu\libc.a
END GROUP
LOAD c:/program files/atollic/truestudio for arm lite 4.0.1/armtools/bin/../lib/gcc/arm-atollic-eabi/4.7.3/armv7e-m/fpu/crtend.o
LOAD c:/program files/atollic/truestudio for arm lite 4.0.1/armtools/bin/../lib/gcc/arm-atollic-eabi/4.7.3/armv7e-m/fpu/crtn.o
                0x20020000                _estack = 0x20020000
                0x00000000                _Min_Heap_Size = 0x0
                0x00000400                _Min_Stack_Size = 0x400

.isr_vector     0x08000000      0x188
                0x08000000                . = ALIGN (0x4)
 *(.isr_vector)
 .isr_vector    0x08000000      0x188 Debug/src/startup_stm32f40xx.o
                0x08000000                g_pfnVectors
                0x08000188                . = ALIGN (0x4)

.text           0x08000188     0x2ee8
                0x08000188                . = ALIGN (0x4)
 *(.text)
 .text          0x08000188       0x54 c:/program files/atollic/truestudio for arm lite 4.0.1/armtools/bin/../lib/gcc/arm-atollic-eabi/4.7.3/armv7e-m/fpu/crtbegin.o
 *(.text*)
 .text.NVIC_Init
                0x080001dc       0xe4 Debug/Libraries/STM32F4xx_StdPeriph_Driver/src/misc.o
                0x080001dc                NVIC_Init
 .text.ADC_DeInit
                0x080002c0       0x20 Debug/Libraries/STM32F4xx_StdPeriph_Driver/src/stm32f4xx_adc.o
                0x080002c0                ADC_DeInit
 .text.ADC_Init
                0x080002e0       0xb8 Debug/Libraries/STM32F4xx_StdPeriph_Driver/src/stm32f4xx_adc.o
                0x080002e0                ADC_Init
 .text.ADC_Cmd  0x08000398       0x38 Debug/Libraries/STM32F4xx_StdPeriph_Driver/src/stm32f4xx_adc.o
                0x08000398                ADC_Cmd
 .text.ADC_RegularChannelConfig
                0x080003d0      0x1bc Debug/Libraries/STM32F4xx_StdPeriph_Driver/src/stm32f4xx_adc.o
                0x080003d0                ADC_RegularChannelConfig
 .text.ADC_SoftwareStartConv
                0x0800058c       0x20 Debug/Libraries/STM32F4xx_StdPeriph_Driver/src/stm32f4xx_adc.o
                0x0800058c                ADC_SoftwareStartConv
 .text.ADC_GetConversionValue
                0x080005ac       0x1c Debug/Libraries/STM32F4xx_StdPeriph_Driver/src/stm32f4xx_adc.o
                0x080005ac                ADC_GetConversionValue
 .text.ADC_GetFlagStatus
                0x080005c8       0x3c Debug/Libraries/STM32F4xx_StdPeriph_Driver/src/stm32f4xx_adc.o
                0x080005c8                ADC_GetFlagStatus
 .text.EXTI_Init
                0x08000604      0x138 Debug/Libraries/STM32F4xx_StdPeriph_Driver/src/stm32f4xx_exti.o
                0x08000604                EXTI_Init
 .text.EXTI_GetITStatus
                0x0800073c       0x58 Debug/Libraries/STM32F4xx_StdPeriph_Driver/src/stm32f4xx_exti.o
                0x0800073c                EXTI_GetITStatus
 .text.EXTI_ClearITPendingBit
                0x08000794       0x20 Debug/Libraries/STM32F4xx_StdPeriph_Driver/src/stm32f4xx_exti.o
                0x08000794                EXTI_ClearITPendingBit
 .text.GPIO_Init
                0x080007b4      0x144 Debug/Libraries/STM32F4xx_StdPeriph_Driver/src/stm32f4xx_gpio.o
                0x080007b4                GPIO_Init
 .text.GPIO_SetBits
                0x080008f8       0x1c Debug/Libraries/STM32F4xx_StdPeriph_Driver/src/stm32f4xx_gpio.o
                0x080008f8                GPIO_SetBits
 .text.GPIO_ResetBits
                0x08000914       0x1c Debug/Libraries/STM32F4xx_StdPeriph_Driver/src/stm32f4xx_gpio.o
                0x08000914                GPIO_ResetBits
 .text.GPIO_PinAFConfig
                0x08000930       0xa8 Debug/Libraries/STM32F4xx_StdPeriph_Driver/src/stm32f4xx_gpio.o
                0x08000930                GPIO_PinAFConfig
 .text.I2C_Init
                0x080009d8      0x1ac Debug/Libraries/STM32F4xx_StdPeriph_Driver/src/stm32f4xx_i2c.o
                0x080009d8                I2C_Init
 .text.I2C_Cmd  0x08000b84       0x40 Debug/Libraries/STM32F4xx_StdPeriph_Driver/src/stm32f4xx_i2c.o
                0x08000b84                I2C_Cmd
 .text.I2C_SendData
                0x08000bc4       0x20 Debug/Libraries/STM32F4xx_StdPeriph_Driver/src/stm32f4xx_i2c.o
                0x08000bc4                I2C_SendData
 .text.I2C_ReceiveData
                0x08000be4       0x1c Debug/Libraries/STM32F4xx_StdPeriph_Driver/src/stm32f4xx_i2c.o
                0x08000be4                I2C_ReceiveData
 .text.I2C_ITConfig
                0x08000c00       0x48 Debug/Libraries/STM32F4xx_StdPeriph_Driver/src/stm32f4xx_i2c.o
                0x08000c00                I2C_ITConfig
 .text.I2C_GetLastEvent
                0x08000c48       0x4c Debug/Libraries/STM32F4xx_StdPeriph_Driver/src/stm32f4xx_i2c.o
                0x08000c48                I2C_GetLastEvent
 .text.I2C_GetFlagStatus
                0x08000c94       0x78 Debug/Libraries/STM32F4xx_StdPeriph_Driver/src/stm32f4xx_i2c.o
                0x08000c94                I2C_GetFlagStatus
 .text.I2C_ClearITPendingBit
                0x08000d0c       0x30 Debug/Libraries/STM32F4xx_StdPeriph_Driver/src/stm32f4xx_i2c.o
                0x08000d0c                I2C_ClearITPendingBit
 .text.PWR_WakeUpPinCmd
                0x08000d3c       0x20 Debug/Libraries/STM32F4xx_StdPeriph_Driver/src/stm32f4xx_pwr.o
                0x08000d3c                PWR_WakeUpPinCmd
 .text.PWR_EnterSTANDBYMode
                0x08000d5c       0x54 Debug/Libraries/STM32F4xx_StdPeriph_Driver/src/stm32f4xx_pwr.o
                0x08000d5c                PWR_EnterSTANDBYMode
 .text.RCC_HSICmd
                0x08000db0       0x20 Debug/Libraries/STM32F4xx_StdPeriph_Driver/src/stm32f4xx_rcc.o
                0x08000db0                RCC_HSICmd
 .text.RCC_SYSCLKConfig
                0x08000dd0       0x40 Debug/Libraries/STM32F4xx_StdPeriph_Driver/src/stm32f4xx_rcc.o
                0x08000dd0                RCC_SYSCLKConfig
 .text.RCC_HCLKConfig
                0x08000e10       0x40 Debug/Libraries/STM32F4xx_StdPeriph_Driver/src/stm32f4xx_rcc.o
                0x08000e10                RCC_HCLKConfig
 .text.RCC_PCLK1Config
                0x08000e50       0x40 Debug/Libraries/STM32F4xx_StdPeriph_Driver/src/stm32f4xx_rcc.o
                0x08000e50                RCC_PCLK1Config
 .text.RCC_GetClocksFreq
                0x08000e90      0x1cc Debug/Libraries/STM32F4xx_StdPeriph_Driver/src/stm32f4xx_rcc.o
                0x08000e90                RCC_GetClocksFreq
 .text.RCC_AHB1PeriphClockCmd
                0x0800105c       0x54 Debug/Libraries/STM32F4xx_StdPeriph_Driver/src/stm32f4xx_rcc.o
                0x0800105c                RCC_AHB1PeriphClockCmd
 .text.RCC_APB1PeriphClockCmd
                0x080010b0       0x54 Debug/Libraries/STM32F4xx_StdPeriph_Driver/src/stm32f4xx_rcc.o
                0x080010b0                RCC_APB1PeriphClockCmd
 .text.RCC_APB2PeriphClockCmd
                0x08001104       0x54 Debug/Libraries/STM32F4xx_StdPeriph_Driver/src/stm32f4xx_rcc.o
                0x08001104                RCC_APB2PeriphClockCmd
 .text.RCC_APB2PeriphResetCmd
                0x08001158       0x54 Debug/Libraries/STM32F4xx_StdPeriph_Driver/src/stm32f4xx_rcc.o
                0x08001158                RCC_APB2PeriphResetCmd
 .text.RCC_AHB1PeriphClockLPModeCmd
                0x080011ac       0x54 Debug/Libraries/STM32F4xx_StdPeriph_Driver/src/stm32f4xx_rcc.o
                0x080011ac                RCC_AHB1PeriphClockLPModeCmd
 .text.RCC_APB2PeriphClockLPModeCmd
                0x08001200       0x54 Debug/Libraries/STM32F4xx_StdPeriph_Driver/src/stm32f4xx_rcc.o
                0x08001200                RCC_APB2PeriphClockLPModeCmd
 .text.SYSCFG_EXTILineConfig
                0x08001254       0xb0 Debug/Libraries/STM32F4xx_StdPeriph_Driver/src/stm32f4xx_syscfg.o
                0x08001254                SYSCFG_EXTILineConfig
 .text.TIM_TimeBaseInit
                0x08001304       0xf4 Debug/Libraries/STM32F4xx_StdPeriph_Driver/src/stm32f4xx_tim.o
                0x08001304                TIM_TimeBaseInit
 .text.TIM_ARRPreloadConfig
                0x080013f8       0x40 Debug/Libraries/STM32F4xx_StdPeriph_Driver/src/stm32f4xx_tim.o
                0x080013f8                TIM_ARRPreloadConfig
 .text.TIM_Cmd  0x08001438       0x40 Debug/Libraries/STM32F4xx_StdPeriph_Driver/src/stm32f4xx_tim.o
                0x08001438                TIM_Cmd
 .text.TIM_OC2Init
                0x08001478      0x128 Debug/Libraries/STM32F4xx_StdPeriph_Driver/src/stm32f4xx_tim.o
                0x08001478                TIM_OC2Init
 .text.TIM_OC3Init
                0x080015a0      0x120 Debug/Libraries/STM32F4xx_StdPeriph_Driver/src/stm32f4xx_tim.o
                0x080015a0                TIM_OC3Init
 .text.TIM_OC2PreloadConfig
                0x080016c0       0x40 Debug/Libraries/STM32F4xx_StdPeriph_Driver/src/stm32f4xx_tim.o
                0x080016c0                TIM_OC2PreloadConfig
 .text.TIM_OC3PreloadConfig
                0x08001700       0x38 Debug/Libraries/STM32F4xx_StdPeriph_Driver/src/stm32f4xx_tim.o
                0x08001700                TIM_OC3PreloadConfig
 .text.TIM_ITConfig
                0x08001738       0x48 Debug/Libraries/STM32F4xx_StdPeriph_Driver/src/stm32f4xx_tim.o
                0x08001738                TIM_ITConfig
 .text.TIM_GetITStatus
                0x08001780       0x60 Debug/Libraries/STM32F4xx_StdPeriph_Driver/src/stm32f4xx_tim.o
                0x08001780                TIM_GetITStatus
 .text.TIM_ClearITPendingBit
                0x080017e0       0x24 Debug/Libraries/STM32F4xx_StdPeriph_Driver/src/stm32f4xx_tim.o
                0x080017e0                TIM_ClearITPendingBit
 .text.USART_Init
                0x08001804      0x1ac Debug/Libraries/STM32F4xx_StdPeriph_Driver/src/stm32f4xx_usart.o
                0x08001804                USART_Init
 .text.USART_Cmd
                0x080019b0       0x40 Debug/Libraries/STM32F4xx_StdPeriph_Driver/src/stm32f4xx_usart.o
                0x080019b0                USART_Cmd
 .text.USART_SendData
                0x080019f0       0x28 Debug/Libraries/STM32F4xx_StdPeriph_Driver/src/stm32f4xx_usart.o
                0x080019f0                USART_SendData
 .text.button_init
                0x08001a18       0x54 Debug/src/button.o
                0x08001a18                button_init
 .text.debug_gpio_init
                0x08001a6c       0xbc Debug/src/debug_gpio.o
                0x08001a6c                debug_gpio_init
 .text.i2c_init
                0x08001b28      0x144 Debug/src/i2c.o
                0x08001b28                i2c_init
 .text.I2C_CleanADDRandSTOPF
                0x08001c6c       0x84 Debug/src/i2c.o
                0x08001c6c                I2C_CleanADDRandSTOPF
 .text.I2C2_EV_IRQHandler
                0x08001cf0      0x2f4 Debug/src/i2c.o
                0x08001cf0                I2C2_EV_IRQHandler
 .text.I2C2_ER_IRQHandler
                0x08001fe4       0x44 Debug/src/i2c.o
                0x08001fe4                I2C2_ER_IRQHandler
 .text.led_init
                0x08002028       0x84 Debug/src/led.o
                0x08002028                led_init
 .text.led_on   0x080020ac       0x4c Debug/src/led.o
                0x080020ac                led_on
 .text.led_off  0x080020f8       0x4c Debug/src/led.o
                0x080020f8                led_off
 .text.main     0x08002144       0xf8 Debug/src/main.o
                0x08002144                main
 .text.motor_adc_init
                0x0800223c      0x188 Debug/src/motor_adc.o
                0x0800223c                motor_adc_init
 .text.motor_adc1_convert
                0x080023c4       0x3c Debug/src/motor_adc.o
                0x080023c4                motor_adc1_convert
 .text.get_battery_voltage
                0x08002400       0xb0 Debug/src/motor_adc.o
                0x08002400                get_battery_voltage
 .text.print_battery_voltage
                0x080024b0       0x38 Debug/src/motor_adc.o
                0x080024b0                print_battery_voltage
 .text.motor_pwm_init
                0x080024e8       0x88 Debug/src/motor_pwm.o
                0x080024e8                motor_pwm_init
 .text.motor_pwm_config
                0x08002570      0x118 Debug/src/motor_pwm.o
                0x08002570                motor_pwm_config
 .text.motor_pwm_set_dc
                0x08002688       0x38 Debug/src/motor_pwm.o
                0x08002688                motor_pwm_set_dc
 .text.motor_set_speed
                0x080026c0       0x4c Debug/src/motor_pwm.o
                0x080026c0                motor_set_speed
 .text.standby_init
                0x0800270c       0x24 Debug/src/standby.o
                0x0800270c                standby_init
 .text.standby_interrupt_init
                0x08002730       0x78 Debug/src/standby.o
                0x08002730                standby_interrupt_init
 .text.EXTI0_IRQHandler
                0x080027a8       0x74 Debug/src/standby.o
                0x080027a8                EXTI0_IRQHandler
 .text.NMI_Handler
                0x0800281c        0xc Debug/src/stm32f4xx_it.o
                0x0800281c                NMI_Handler
 .text.HardFault_Handler
                0x08002828        0x8 Debug/src/stm32f4xx_it.o
                0x08002828                HardFault_Handler
 .text.MemManage_Handler
                0x08002830        0x8 Debug/src/stm32f4xx_it.o
                0x08002830                MemManage_Handler
 .text.BusFault_Handler
                0x08002838        0x8 Debug/src/stm32f4xx_it.o
                0x08002838                BusFault_Handler
 .text.UsageFault_Handler
                0x08002840        0x8 Debug/src/stm32f4xx_it.o
                0x08002840                UsageFault_Handler
 .text.SVC_Handler
                0x08002848        0xc Debug/src/stm32f4xx_it.o
                0x08002848                SVC_Handler
 .text.DebugMon_Handler
                0x08002854        0xc Debug/src/stm32f4xx_it.o
                0x08002854                DebugMon_Handler
 .text.PendSV_Handler
                0x08002860        0xc Debug/src/stm32f4xx_it.o
                0x08002860                PendSV_Handler
 .text.SysTick_Handler
                0x0800286c        0xc Debug/src/stm32f4xx_it.o
                0x0800286c                SysTick_Handler
 .text.SystemInit
                0x08002878       0xb0 Debug/src/system_stm32f4xx.o
                0x08002878                SystemInit
 .text.SetSysClock
                0x08002928      0x188 Debug/src/system_stm32f4xx.o
 .text.timer_init
                0x08002ab0       0x7c Debug/src/timer.o
                0x08002ab0                timer_init
 .text.timer_ms_delay
                0x08002b2c       0x38 Debug/src/timer.o
                0x08002b2c                timer_ms_delay
 .text.TIM2_IRQHandler
                0x08002b64       0x3c Debug/src/timer.o
                0x08002b64                TIM2_IRQHandler
 .text.ts_itoa  0x08002ba0       0x9c Debug/src/tiny_printf.o
                0x08002ba0                ts_itoa
 .text.ts_formatstring
                0x08002c3c      0x164 Debug/src/tiny_printf.o
                0x08002c3c                ts_formatstring
 .text.siprintf
                0x08002da0       0x30 Debug/src/tiny_printf.o
                0x08002da0                siprintf
                0x08002da0                sprintf
 .text.uart_delay
                0x08002dd0       0x2c Debug/src/uart.o
                0x08002dd0                uart_delay
 .text.uart_init
                0x08002dfc      0x134 Debug/src/uart.o
                0x08002dfc                uart_init
 .text.uart_send
                0x08002f30       0x6c Debug/src/uart.o
                0x08002f30                uart_send
 .text.Reset_Handler
                0x08002f9c       0x58 Debug/src/startup_stm32f40xx.o
                0x08002f9c                Reset_Handler
 .text.Default_Handler
                0x08002ff4        0x4 Debug/src/startup_stm32f40xx.o
                0x08002ff4                RTC_Alarm_IRQHandler
                0x08002ff4                HASH_RNG_IRQHandler
                0x08002ff4                EXTI2_IRQHandler
                0x08002ff4                TIM8_CC_IRQHandler
                0x08002ff4                TIM1_CC_IRQHandler
                0x08002ff4                DMA2_Stream5_IRQHandler
                0x08002ff4                DMA1_Stream5_IRQHandler
                0x08002ff4                PVD_IRQHandler
                0x08002ff4                SDIO_IRQHandler
                0x08002ff4                TAMP_STAMP_IRQHandler
                0x08002ff4                CAN2_RX1_IRQHandler
                0x08002ff4                EXTI3_IRQHandler
                0x08002ff4                TIM8_TRG_COM_TIM14_IRQHandler
                0x08002ff4                TIM1_UP_TIM10_IRQHandler
                0x08002ff4                TIM8_UP_TIM13_IRQHandler
                0x08002ff4                I2C3_ER_IRQHandler
                0x08002ff4                DMA1_Stream2_IRQHandler
                0x08002ff4                CAN1_RX0_IRQHandler
                0x08002ff4                FPU_IRQHandler
                0x08002ff4                OTG_HS_WKUP_IRQHandler
                0x08002ff4                CAN2_SCE_IRQHandler
                0x08002ff4                DMA2_Stream2_IRQHandler
                0x08002ff4                SPI1_IRQHandler
                0x08002ff4                TIM6_DAC_IRQHandler
                0x08002ff4                TIM1_BRK_TIM9_IRQHandler
                0x08002ff4                DCMI_IRQHandler
                0x08002ff4                CAN2_RX0_IRQHandler
                0x08002ff4                DMA2_Stream3_IRQHandler
                0x08002ff4                USART6_IRQHandler
                0x08002ff4                USART3_IRQHandler
                0x08002ff4                CRYP_IRQHandler
                0x08002ff4                CAN1_RX1_IRQHandler
                0x08002ff4                UART5_IRQHandler
                0x08002ff4                DMA2_Stream0_IRQHandler
                0x08002ff4                TIM4_IRQHandler
                0x08002ff4                I2C1_EV_IRQHandler
                0x08002ff4                DMA1_Stream6_IRQHandler
                0x08002ff4                DMA1_Stream1_IRQHandler
                0x08002ff4                UART4_IRQHandler
                0x08002ff4                TIM3_IRQHandler
                0x08002ff4                RCC_IRQHandler
                0x08002ff4                TIM8_BRK_TIM12_IRQHandler
                0x08002ff4                Default_Handler
                0x08002ff4                EXTI15_10_IRQHandler
                0x08002ff4                ADC_IRQHandler
                0x08002ff4                DMA1_Stream7_IRQHandler
                0x08002ff4                TIM7_IRQHandler
                0x08002ff4                CAN2_TX_IRQHandler
                0x08002ff4                TIM5_IRQHandler
                0x08002ff4                DMA2_Stream7_IRQHandler
                0x08002ff4                I2C3_EV_IRQHandler
                0x08002ff4                EXTI9_5_IRQHandler
                0x08002ff4                RTC_WKUP_IRQHandler
                0x08002ff4                ETH_WKUP_IRQHandler
                0x08002ff4                SPI2_IRQHandler
                0x08002ff4                OTG_HS_EP1_IN_IRQHandler
                0x08002ff4                DMA1_Stream0_IRQHandler
                0x08002ff4                CAN1_TX_IRQHandler
                0x08002ff4                EXTI4_IRQHandler
                0x08002ff4                FSMC_IRQHandler
                0x08002ff4                ETH_IRQHandler
                0x08002ff4                OTG_HS_EP1_OUT_IRQHandler
                0x08002ff4                WWDG_IRQHandler
                0x08002ff4                OTG_FS_WKUP_IRQHandler
                0x08002ff4                TIM1_TRG_COM_TIM11_IRQHandler
                0x08002ff4                OTG_HS_IRQHandler
                0x08002ff4                EXTI1_IRQHandler
                0x08002ff4                USART2_IRQHandler
                0x08002ff4                DMA2_Stream1_IRQHandler
                0x08002ff4                CAN1_SCE_IRQHandler
                0x08002ff4                FLASH_IRQHandler
                0x08002ff4                DMA2_Stream4_IRQHandler
                0x08002ff4                USART1_IRQHandler
                0x08002ff4                OTG_FS_IRQHandler
                0x08002ff4                SPI3_IRQHandler
                0x08002ff4                DMA1_Stream4_IRQHandler
                0x08002ff4                I2C1_ER_IRQHandler
                0x08002ff4                DMA2_Stream6_IRQHandler
                0x08002ff4                DMA1_Stream3_IRQHandler
 .text.__libc_init_array
                0x08002ff8       0x4c c:/program files/atollic/truestudio for arm lite 4.0.1/armtools/bin/../lib/gcc/arm-atollic-eabi/4.7.3/../../../../arm-atollic-eabi/lib/armv7e-m/fpu\libc.a(lib_a-init.o)
                0x08002ff8                __libc_init_array
 .text.memcpy   0x08003044       0x12 c:/program files/atollic/truestudio for arm lite 4.0.1/armtools/bin/../lib/gcc/arm-atollic-eabi/4.7.3/../../../../arm-atollic-eabi/lib/armv7e-m/fpu\libc.a(lib_a-memcpy.o)
                0x08003044                memcpy
 *(.glue_7)
 .glue_7        0x00000000        0x0 linker stubs
 *(.glue_7t)
 .glue_7t       0x00000000        0x0 linker stubs
 *(.eh_frame)
 *fill*         0x08003056        0x2 00
 .eh_frame      0x08003058        0x0 c:/program files/atollic/truestudio for arm lite 4.0.1/armtools/bin/../lib/gcc/arm-atollic-eabi/4.7.3/armv7e-m/fpu/crtbegin.o
 *(.init)
 .init          0x08003058        0x4 c:/program files/atollic/truestudio for arm lite 4.0.1/armtools/bin/../lib/gcc/arm-atollic-eabi/4.7.3/armv7e-m/fpu/crti.o
                0x08003058                _init
 .init          0x0800305c        0x8 c:/program files/atollic/truestudio for arm lite 4.0.1/armtools/bin/../lib/gcc/arm-atollic-eabi/4.7.3/armv7e-m/fpu/crtn.o
 *(.fini)
 .fini          0x08003064        0x4 c:/program files/atollic/truestudio for arm lite 4.0.1/armtools/bin/../lib/gcc/arm-atollic-eabi/4.7.3/armv7e-m/fpu/crti.o
                0x08003064                _fini
 .fini          0x08003068        0x8 c:/program files/atollic/truestudio for arm lite 4.0.1/armtools/bin/../lib/gcc/arm-atollic-eabi/4.7.3/armv7e-m/fpu/crtn.o
                0x08003070                . = ALIGN (0x4)
                0x08003070                _etext = .

.vfp11_veneer   0x08003070        0x0
 .vfp11_veneer  0x00000000        0x0 linker stubs

.v4_bx          0x08003070        0x0
 .v4_bx         0x00000000        0x0 linker stubs

.iplt           0x08003070        0x0
 .iplt          0x00000000        0x0 c:/program files/atollic/truestudio for arm lite 4.0.1/armtools/bin/../lib/gcc/arm-atollic-eabi/4.7.3/armv7e-m/fpu/crtbegin.o

.rodata         0x08003070      0x130
                0x08003070                . = ALIGN (0x4)
 *(.rodata)
 .rodata        0x08003070       0x50 Debug/src/main.o
 .rodata        0x080030c0       0x64 Debug/src/motor_adc.o
 .rodata        0x08003124       0x7c Debug/src/uart.o
 *(.rodata*)
                0x080031a0                . = ALIGN (0x4)

.rel.dyn        0x080031a0        0x0
 .rel.iplt      0x00000000        0x0 c:/program files/atollic/truestudio for arm lite 4.0.1/armtools/bin/../lib/gcc/arm-atollic-eabi/4.7.3/armv7e-m/fpu/crtbegin.o

.ARM.extab
 *(.ARM.extab* .gnu.linkonce.armextab.*)

.ARM            0x080031a0        0x0
                0x080031a0                __exidx_start = .
 *(.ARM.exidx*)
                0x080031a0                __exidx_end = .

.preinit_array  0x080031a0        0x0
                0x080031a0                PROVIDE (__preinit_array_start, .)
 *(.preinit_array*)
                0x080031a0                PROVIDE (__preinit_array_end, .)

.init_array     0x080031a0        0x4
                0x080031a0                PROVIDE (__init_array_start, .)
 *(SORT(.init_array.*))
 *(.init_array*)
 .init_array    0x080031a0        0x4 c:/program files/atollic/truestudio for arm lite 4.0.1/armtools/bin/../lib/gcc/arm-atollic-eabi/4.7.3/armv7e-m/fpu/crtbegin.o
                0x080031a4                PROVIDE (__init_array_end, .)

.fini_array     0x080031a4        0x4
                0x080031a4                PROVIDE (__fini_array_start, .)
 *(SORT(.fini_array.*))
 *(.fini_array*)
 .fini_array    0x080031a4        0x4 c:/program files/atollic/truestudio for arm lite 4.0.1/armtools/bin/../lib/gcc/arm-atollic-eabi/4.7.3/armv7e-m/fpu/crtbegin.o
                0x080031a8                PROVIDE (__fini_array_end, .)
                0x080031a8                _sidata = LOADADDR (.data)

.data           0x20000000       0x18 load address 0x080031a8
                0x20000000                . = ALIGN (0x4)
                0x20000000                _sdata = .
 *(.data)
 *(.data*)
 .data.APBAHBPrescTable
                0x20000000       0x10 Debug/Libraries/STM32F4xx_StdPeriph_Driver/src/stm32f4xx_rcc.o
 .data.mcu_state
                0x20000010        0x4 Debug/src/standby.o
                0x20000010                mcu_state
 .data.SystemCoreClock
                0x20000014        0x4 Debug/src/system_stm32f4xx.o
                0x20000014                SystemCoreClock
                0x20000018                . = ALIGN (0x4)
                0x20000018                _edata = .
                0x080031c0                _siccmram = LOADADDR (.ccmram)

.jcr            0x20000018        0x0 load address 0x080031c0
 .jcr           0x20000018        0x0 c:/program files/atollic/truestudio for arm lite 4.0.1/armtools/bin/../lib/gcc/arm-atollic-eabi/4.7.3/armv7e-m/fpu/crtbegin.o

.igot.plt       0x20000018        0x0 load address 0x080031c0
 .igot.plt      0x00000000        0x0 c:/program files/atollic/truestudio for arm lite 4.0.1/armtools/bin/../lib/gcc/arm-atollic-eabi/4.7.3/armv7e-m/fpu/crtbegin.o

.ccmram         0x10000000        0x0 load address 0x080031c0
                0x10000000                . = ALIGN (0x4)
                0x10000000                _sccmram = .
 *(.ccmram)
 *(.ccmram*)
                0x10000000                . = ALIGN (0x4)
                0x10000000                _eccmram = .
                0x10000000                . = ALIGN (0x4)

.bss            0x20000018      0x134
                0x20000018                _sbss = .
                0x20000018                __bss_start__ = _sbss
 *(.bss)
 .bss           0x20000018       0x1c c:/program files/atollic/truestudio for arm lite 4.0.1/armtools/bin/../lib/gcc/arm-atollic-eabi/4.7.3/armv7e-m/fpu/crtbegin.o
 *(.bss*)
 .bss.batteryVoltage
                0x20000034        0x4 Debug/src/main.o
                0x20000034                batteryVoltage
 .bss.transmissionMode
                0x20000038        0x2 Debug/src/main.o
                0x20000038                transmissionMode
 *fill*         0x2000003a        0x2 00
 .bss.sysTick   0x2000003c        0x4 Debug/src/main.o
                0x2000003c                sysTick
 .bss.i2cErrorCount
                0x20000040        0x4 Debug/src/main.o
                0x20000040                i2cErrorCount
 .bss.startCount
                0x20000044        0x4 Debug/src/main.o
                0x20000044                startCount
 .bss.dataCount
                0x20000048        0x4 Debug/src/main.o
                0x20000048                dataCount
 .bss.stopCount
                0x2000004c        0x4 Debug/src/main.o
                0x2000004c                stopCount
 .bss.adc1_channel_mode
                0x20000050        0x4 Debug/src/motor_adc.o
                0x20000050                adc1_channel_mode
 *(COMMON)
 COMMON         0x20000054       0xf5 Debug/src/main.o
                0x20000054                outstr
                0x2000011c                outBuffer
                0x20000134                inBuffer
                0x2000014c                . = ALIGN (0x4)
 *fill*         0x20000149        0x3 00
                0x2000014c                _ebss = .
                0x2000014c                __bss_end__ = _ebss

._user_heap_stack
                0x2000014c      0x400
                0x2000014c                . = ALIGN (0x4)
                0x2000014c                PROVIDE (end, .)
                0x2000014c                PROVIDE (_end, .)
                0x2000014c                . = (. + _Min_Heap_Size)
                0x2000054c                . = (. + _Min_Stack_Size)
 *fill*         0x2000014c      0x400 00
                0x2000054c                . = ALIGN (0x4)

.memory_b1_text
 *(.mb1text)
 *(.mb1text*)
 *(.mb1rodata)
 *(.mb1rodata*)

/DISCARD/
 libc.a(*)
 libm.a(*)
 libgcc.a(*)

.ARM.attributes
                0x00000000       0x32
 *(.ARM.attributes)
 .ARM.attributes
                0x00000000       0x24 c:/program files/atollic/truestudio for arm lite 4.0.1/armtools/bin/../lib/gcc/arm-atollic-eabi/4.7.3/armv7e-m/fpu/crti.o
 .ARM.attributes
                0x00000024       0x36 c:/program files/atollic/truestudio for arm lite 4.0.1/armtools/bin/../lib/gcc/arm-atollic-eabi/4.7.3/armv7e-m/fpu/crtbegin.o
 .ARM.attributes
                0x0000005a       0x3b Debug/Libraries/STM32F4xx_StdPeriph_Driver/src/misc.o
 .ARM.attributes
                0x00000095       0x3b Debug/Libraries/STM32F4xx_StdPeriph_Driver/src/stm32f4xx_adc.o
 .ARM.attributes
                0x000000d0       0x3b Debug/Libraries/STM32F4xx_StdPeriph_Driver/src/stm32f4xx_exti.o
 .ARM.attributes
                0x0000010b       0x3b Debug/Libraries/STM32F4xx_StdPeriph_Driver/src/stm32f4xx_gpio.o
 .ARM.attributes
                0x00000146       0x3b Debug/Libraries/STM32F4xx_StdPeriph_Driver/src/stm32f4xx_i2c.o
 .ARM.attributes
                0x00000181       0x3b Debug/Libraries/STM32F4xx_StdPeriph_Driver/src/stm32f4xx_pwr.o
 .ARM.attributes
                0x000001bc       0x3b Debug/Libraries/STM32F4xx_StdPeriph_Driver/src/stm32f4xx_rcc.o
 .ARM.attributes
                0x000001f7       0x3b Debug/Libraries/STM32F4xx_StdPeriph_Driver/src/stm32f4xx_syscfg.o
 .ARM.attributes
                0x00000232       0x3b Debug/Libraries/STM32F4xx_StdPeriph_Driver/src/stm32f4xx_tim.o
 .ARM.attributes
                0x0000026d       0x3b Debug/Libraries/STM32F4xx_StdPeriph_Driver/src/stm32f4xx_usart.o
 .ARM.attributes
                0x000002a8       0x3b Debug/src/button.o
 .ARM.attributes
                0x000002e3       0x3b Debug/src/debug_gpio.o
 .ARM.attributes
                0x0000031e       0x3b Debug/src/i2c.o
 .ARM.attributes
                0x00000359       0x3b Debug/src/led.o
 .ARM.attributes
                0x00000394       0x3b Debug/src/main.o
 .ARM.attributes
                0x000003cf       0x3b Debug/src/motor_adc.o
 .ARM.attributes
                0x0000040a       0x3b Debug/src/motor_pwm.o
 .ARM.attributes
                0x00000445       0x3b Debug/src/standby.o
 .ARM.attributes
                0x00000480       0x3b Debug/src/stm32f4xx_it.o
 .ARM.attributes
                0x000004bb       0x3b Debug/src/system_stm32f4xx.o
 .ARM.attributes
                0x000004f6       0x3b Debug/src/timer.o
 .ARM.attributes
                0x00000531       0x3b Debug/src/tiny_printf.o
 .ARM.attributes
                0x0000056c       0x3b Debug/src/uart.o
 .ARM.attributes
                0x000005a7       0x21 Debug/src/startup_stm32f40xx.o
 .ARM.attributes
                0x000005c8       0x36 c:/program files/atollic/truestudio for arm lite 4.0.1/armtools/bin/../lib/gcc/arm-atollic-eabi/4.7.3/../../../../arm-atollic-eabi/lib/armv7e-m/fpu\libc.a(lib_a-init.o)
 .ARM.attributes
                0x000005fe       0x36 c:/program files/atollic/truestudio for arm lite 4.0.1/armtools/bin/../lib/gcc/arm-atollic-eabi/4.7.3/../../../../arm-atollic-eabi/lib/armv7e-m/fpu\libc.a(lib_a-memcpy.o)
 .ARM.attributes
                0x00000634       0x24 c:/program files/atollic/truestudio for arm lite 4.0.1/armtools/bin/../lib/gcc/arm-atollic-eabi/4.7.3/armv7e-m/fpu/crtn.o
OUTPUT(Debug/STM_POWER.elf elf32-littlearm)

.debug_info     0x00000000     0xabbb
 .debug_info    0x00000000      0x596 Debug/Libraries/STM32F4xx_StdPeriph_Driver/src/misc.o
 .debug_info    0x00000596      0xd18 Debug/Libraries/STM32F4xx_StdPeriph_Driver/src/stm32f4xx_adc.o
 .debug_info    0x000012ae      0x377 Debug/Libraries/STM32F4xx_StdPeriph_Driver/src/stm32f4xx_exti.o
 .debug_info    0x00001625      0x647 Debug/Libraries/STM32F4xx_StdPeriph_Driver/src/stm32f4xx_gpio.o
 .debug_info    0x00001c6c      0xc50 Debug/Libraries/STM32F4xx_StdPeriph_Driver/src/stm32f4xx_i2c.o
 .debug_info    0x000028bc      0x54b Debug/Libraries/STM32F4xx_StdPeriph_Driver/src/stm32f4xx_pwr.o
 .debug_info    0x00002e07      0xd78 Debug/Libraries/STM32F4xx_StdPeriph_Driver/src/stm32f4xx_rcc.o
 .debug_info    0x00003b7f      0x27d Debug/Libraries/STM32F4xx_StdPeriph_Driver/src/stm32f4xx_syscfg.o
 .debug_info    0x00003dfc     0x1e81 Debug/Libraries/STM32F4xx_StdPeriph_Driver/src/stm32f4xx_tim.o
 .debug_info    0x00005c7d      0xa69 Debug/Libraries/STM32F4xx_StdPeriph_Driver/src/stm32f4xx_usart.o
 .debug_info    0x000066e6      0x2d2 Debug/src/button.o
 .debug_info    0x000069b8      0x358 Debug/src/debug_gpio.o
 .debug_info    0x00006d10      0x92f Debug/src/i2c.o
 .debug_info    0x0000763f      0x328 Debug/src/led.o
 .debug_info    0x00007967      0x1ca Debug/src/main.o
 .debug_info    0x00007b31      0x5af Debug/src/motor_adc.o
 .debug_info    0x000080e0      0x6df Debug/src/motor_pwm.o
 .debug_info    0x000087bf      0x47c Debug/src/standby.o
 .debug_info    0x00008c3b      0x15b Debug/src/stm32f4xx_it.o
 .debug_info    0x00008d96      0x608 Debug/src/system_stm32f4xx.o
 .debug_info    0x0000939e      0x6c5 Debug/src/timer.o
 .debug_info    0x00009a63      0xc4b Debug/src/tiny_printf.o
 .debug_info    0x0000a6ae      0x484 Debug/src/uart.o
 .debug_info    0x0000ab32       0x89 Debug/src/startup_stm32f40xx.o

.debug_abbrev   0x00000000     0x1ef2
 .debug_abbrev  0x00000000      0x12b Debug/Libraries/STM32F4xx_StdPeriph_Driver/src/misc.o
 .debug_abbrev  0x0000012b      0x19a Debug/Libraries/STM32F4xx_StdPeriph_Driver/src/stm32f4xx_adc.o
 .debug_abbrev  0x000002c5      0x1a9 Debug/Libraries/STM32F4xx_StdPeriph_Driver/src/stm32f4xx_exti.o
 .debug_abbrev  0x0000046e      0x1a7 Debug/Libraries/STM32F4xx_StdPeriph_Driver/src/stm32f4xx_gpio.o
 .debug_abbrev  0x00000615      0x168 Debug/Libraries/STM32F4xx_StdPeriph_Driver/src/stm32f4xx_i2c.o
 .debug_abbrev  0x0000077d      0x183 Debug/Libraries/STM32F4xx_StdPeriph_Driver/src/stm32f4xx_pwr.o
 .debug_abbrev  0x00000900      0x1e7 Debug/Libraries/STM32F4xx_StdPeriph_Driver/src/stm32f4xx_rcc.o
 .debug_abbrev  0x00000ae7      0x135 Debug/Libraries/STM32F4xx_StdPeriph_Driver/src/stm32f4xx_syscfg.o
 .debug_abbrev  0x00000c1c      0x18b Debug/Libraries/STM32F4xx_StdPeriph_Driver/src/stm32f4xx_tim.o
 .debug_abbrev  0x00000da7      0x159 Debug/Libraries/STM32F4xx_StdPeriph_Driver/src/stm32f4xx_usart.o
 .debug_abbrev  0x00000f00      0x11d Debug/src/button.o
 .debug_abbrev  0x0000101d      0x11b Debug/src/debug_gpio.o
 .debug_abbrev  0x00001138      0x198 Debug/src/i2c.o
 .debug_abbrev  0x000012d0      0x112 Debug/src/led.o
 .debug_abbrev  0x000013e2       0x9f Debug/src/main.o
 .debug_abbrev  0x00001481      0x157 Debug/src/motor_adc.o
 .debug_abbrev  0x000015d8      0x155 Debug/src/motor_pwm.o
 .debug_abbrev  0x0000172d      0x107 Debug/src/standby.o
 .debug_abbrev  0x00001834       0x69 Debug/src/stm32f4xx_it.o
 .debug_abbrev  0x0000189d      0x13a Debug/src/system_stm32f4xx.o
 .debug_abbrev  0x000019d7      0x17d Debug/src/timer.o
 .debug_abbrev  0x00001b54      0x241 Debug/src/tiny_printf.o
 .debug_abbrev  0x00001d95      0x14b Debug/src/uart.o
 .debug_abbrev  0x00001ee0       0x12 Debug/src/startup_stm32f40xx.o

.debug_loc      0x00000000     0x4a90
 .debug_loc     0x00000000      0x118 Debug/Libraries/STM32F4xx_StdPeriph_Driver/src/misc.o
 .debug_loc     0x00000118      0x838 Debug/Libraries/STM32F4xx_StdPeriph_Driver/src/stm32f4xx_adc.o
 .debug_loc     0x00000950      0x1b4 Debug/Libraries/STM32F4xx_StdPeriph_Driver/src/stm32f4xx_exti.o
 .debug_loc     0x00000b04      0x310 Debug/Libraries/STM32F4xx_StdPeriph_Driver/src/stm32f4xx_gpio.o
 .debug_loc     0x00000e14      0x7a8 Debug/Libraries/STM32F4xx_StdPeriph_Driver/src/stm32f4xx_i2c.o
 .debug_loc     0x000015bc      0x288 Debug/Libraries/STM32F4xx_StdPeriph_Driver/src/stm32f4xx_pwr.o
 .debug_loc     0x00001844      0x9b4 Debug/Libraries/STM32F4xx_StdPeriph_Driver/src/stm32f4xx_rcc.o
 .debug_loc     0x000021f8      0x144 Debug/Libraries/STM32F4xx_StdPeriph_Driver/src/stm32f4xx_syscfg.o
 .debug_loc     0x0000233c     0x1420 Debug/Libraries/STM32F4xx_StdPeriph_Driver/src/stm32f4xx_tim.o
 .debug_loc     0x0000375c      0x658 Debug/Libraries/STM32F4xx_StdPeriph_Driver/src/stm32f4xx_usart.o
 .debug_loc     0x00003db4       0x64 Debug/src/button.o
 .debug_loc     0x00003e18       0xe0 Debug/src/debug_gpio.o
 .debug_loc     0x00003ef8      0x1ec Debug/src/i2c.o
 .debug_loc     0x000040e4       0xe0 Debug/src/led.o
 .debug_loc     0x000041c4       0x38 Debug/src/main.o
 .debug_loc     0x000041fc      0x198 Debug/src/motor_adc.o
 .debug_loc     0x00004394      0x118 Debug/src/motor_pwm.o
 .debug_loc     0x000044ac       0x90 Debug/src/standby.o
 .debug_loc     0x0000453c      0x18c Debug/src/stm32f4xx_it.o
 .debug_loc     0x000046c8       0x9c Debug/src/system_stm32f4xx.o
 .debug_loc     0x00004764       0x9c Debug/src/timer.o
 .debug_loc     0x00004800      0x1e8 Debug/src/tiny_printf.o
 .debug_loc     0x000049e8       0xa8 Debug/src/uart.o

.debug_aranges  0x00000000      0xd28
 .debug_aranges
                0x00000000       0x40 Debug/Libraries/STM32F4xx_StdPeriph_Driver/src/misc.o
 .debug_aranges
                0x00000040      0x148 Debug/Libraries/STM32F4xx_StdPeriph_Driver/src/stm32f4xx_adc.o
 .debug_aranges
                0x00000188       0x58 Debug/Libraries/STM32F4xx_StdPeriph_Driver/src/stm32f4xx_exti.o
 .debug_aranges
                0x000001e0       0x88 Debug/Libraries/STM32F4xx_StdPeriph_Driver/src/stm32f4xx_gpio.o
 .debug_aranges
                0x00000268      0x130 Debug/Libraries/STM32F4xx_StdPeriph_Driver/src/stm32f4xx_i2c.o
 .debug_aranges
                0x00000398       0x78 Debug/Libraries/STM32F4xx_StdPeriph_Driver/src/stm32f4xx_pwr.o
 .debug_aranges
                0x00000410      0x180 Debug/Libraries/STM32F4xx_StdPeriph_Driver/src/stm32f4xx_rcc.o
 .debug_aranges
                0x00000590       0x48 Debug/Libraries/STM32F4xx_StdPeriph_Driver/src/stm32f4xx_syscfg.o
 .debug_aranges
                0x000005d8      0x2f8 Debug/Libraries/STM32F4xx_StdPeriph_Driver/src/stm32f4xx_tim.o
 .debug_aranges
                0x000008d0      0x100 Debug/Libraries/STM32F4xx_StdPeriph_Driver/src/stm32f4xx_usart.o
 .debug_aranges
                0x000009d0       0x28 Debug/src/button.o
 .debug_aranges
                0x000009f8       0x38 Debug/src/debug_gpio.o
 .debug_aranges
                0x00000a30       0x60 Debug/src/i2c.o
 .debug_aranges
                0x00000a90       0x38 Debug/src/led.o
 .debug_aranges
                0x00000ac8       0x20 Debug/src/main.o
 .debug_aranges
                0x00000ae8       0x60 Debug/src/motor_adc.o
 .debug_aranges
                0x00000b48       0x40 Debug/src/motor_pwm.o
 .debug_aranges
                0x00000b88       0x30 Debug/src/standby.o
 .debug_aranges
                0x00000bb8       0x60 Debug/src/stm32f4xx_it.o
 .debug_aranges
                0x00000c18       0x30 Debug/src/system_stm32f4xx.o
 .debug_aranges
                0x00000c48       0x30 Debug/src/timer.o
 .debug_aranges
                0x00000c78       0x58 Debug/src/tiny_printf.o
 .debug_aranges
                0x00000cd0       0x30 Debug/src/uart.o
 .debug_aranges
                0x00000d00       0x28 Debug/src/startup_stm32f40xx.o

.debug_ranges   0x00000000      0xbb0
 .debug_ranges  0x00000000       0x30 Debug/Libraries/STM32F4xx_StdPeriph_Driver/src/misc.o
 .debug_ranges  0x00000030      0x138 Debug/Libraries/STM32F4xx_StdPeriph_Driver/src/stm32f4xx_adc.o
 .debug_ranges  0x00000168       0x48 Debug/Libraries/STM32F4xx_StdPeriph_Driver/src/stm32f4xx_exti.o
 .debug_ranges  0x000001b0       0x78 Debug/Libraries/STM32F4xx_StdPeriph_Driver/src/stm32f4xx_gpio.o
 .debug_ranges  0x00000228      0x120 Debug/Libraries/STM32F4xx_StdPeriph_Driver/src/stm32f4xx_i2c.o
 .debug_ranges  0x00000348       0x68 Debug/Libraries/STM32F4xx_StdPeriph_Driver/src/stm32f4xx_pwr.o
 .debug_ranges  0x000003b0      0x170 Debug/Libraries/STM32F4xx_StdPeriph_Driver/src/stm32f4xx_rcc.o
 .debug_ranges  0x00000520       0x38 Debug/Libraries/STM32F4xx_StdPeriph_Driver/src/stm32f4xx_syscfg.o
 .debug_ranges  0x00000558      0x2e8 Debug/Libraries/STM32F4xx_StdPeriph_Driver/src/stm32f4xx_tim.o
 .debug_ranges  0x00000840       0xf0 Debug/Libraries/STM32F4xx_StdPeriph_Driver/src/stm32f4xx_usart.o
 .debug_ranges  0x00000930       0x18 Debug/src/button.o
 .debug_ranges  0x00000948       0x28 Debug/src/debug_gpio.o
 .debug_ranges  0x00000970       0x50 Debug/src/i2c.o
 .debug_ranges  0x000009c0       0x28 Debug/src/led.o
 .debug_ranges  0x000009e8       0x10 Debug/src/main.o
 .debug_ranges  0x000009f8       0x50 Debug/src/motor_adc.o
 .debug_ranges  0x00000a48       0x30 Debug/src/motor_pwm.o
 .debug_ranges  0x00000a78       0x20 Debug/src/standby.o
 .debug_ranges  0x00000a98       0x50 Debug/src/stm32f4xx_it.o
 .debug_ranges  0x00000ae8       0x20 Debug/src/system_stm32f4xx.o
 .debug_ranges  0x00000b08       0x20 Debug/src/timer.o
 .debug_ranges  0x00000b28       0x48 Debug/src/tiny_printf.o
 .debug_ranges  0x00000b70       0x20 Debug/src/uart.o
 .debug_ranges  0x00000b90       0x20 Debug/src/startup_stm32f40xx.o

.debug_line     0x00000000     0x41a9
 .debug_line    0x00000000      0x1de Debug/Libraries/STM32F4xx_StdPeriph_Driver/src/misc.o
 .debug_line    0x000001de      0x4ed Debug/Libraries/STM32F4xx_StdPeriph_Driver/src/stm32f4xx_adc.o
 .debug_line    0x000006cb      0x23e Debug/Libraries/STM32F4xx_StdPeriph_Driver/src/stm32f4xx_exti.o
 .debug_line    0x00000909      0x2d8 Debug/Libraries/STM32F4xx_StdPeriph_Driver/src/stm32f4xx_gpio.o
 .debug_line    0x00000be1      0x49f Debug/Libraries/STM32F4xx_StdPeriph_Driver/src/stm32f4xx_i2c.o
 .debug_line    0x00001080      0x261 Debug/Libraries/STM32F4xx_StdPeriph_Driver/src/stm32f4xx_pwr.o
 .debug_line    0x000012e1      0x547 Debug/Libraries/STM32F4xx_StdPeriph_Driver/src/stm32f4xx_rcc.o
 .debug_line    0x00001828      0x1c2 Debug/Libraries/STM32F4xx_StdPeriph_Driver/src/stm32f4xx_syscfg.o
 .debug_line    0x000019ea      0xa12 Debug/Libraries/STM32F4xx_StdPeriph_Driver/src/stm32f4xx_tim.o
 .debug_line    0x000023fc      0x443 Debug/Libraries/STM32F4xx_StdPeriph_Driver/src/stm32f4xx_usart.o
 .debug_line    0x0000283f      0x182 Debug/src/button.o
 .debug_line    0x000029c1      0x1b5 Debug/src/debug_gpio.o
 .debug_line    0x00002b76      0x2b4 Debug/src/i2c.o
 .debug_line    0x00002e2a      0x1b0 Debug/src/led.o
 .debug_line    0x00002fda      0x144 Debug/src/main.o
 .debug_line    0x0000311e      0x262 Debug/src/motor_adc.o
 .debug_line    0x00003380      0x206 Debug/src/motor_pwm.o
 .debug_line    0x00003586      0x1b1 Debug/src/standby.o
 .debug_line    0x00003737      0x197 Debug/src/stm32f4xx_it.o
 .debug_line    0x000038ce      0x1a8 Debug/src/system_stm32f4xx.o
 .debug_line    0x00003a76      0x1c5 Debug/src/timer.o
 .debug_line    0x00003c3b      0x323 Debug/src/tiny_printf.o
 .debug_line    0x00003f5e      0x1d4 Debug/src/uart.o
 .debug_line    0x00004132       0x77 Debug/src/startup_stm32f40xx.o

.debug_str      0x00000000     0x3ab9
 .debug_str     0x00000000      0x375 Debug/Libraries/STM32F4xx_StdPeriph_Driver/src/misc.o
                                0x3b8 (size before relaxing)
 .debug_str     0x00000375      0x64b Debug/Libraries/STM32F4xx_StdPeriph_Driver/src/stm32f4xx_adc.o
                                0x7e3 (size before relaxing)
 .debug_str     0x000009c0      0x1bd Debug/Libraries/STM32F4xx_StdPeriph_Driver/src/stm32f4xx_exti.o
                                0x34d (size before relaxing)
 .debug_str     0x00000b7d      0x312 Debug/Libraries/STM32F4xx_StdPeriph_Driver/src/stm32f4xx_gpio.o
                                0x482 (size before relaxing)
 .debug_str     0x00000e8f      0x493 Debug/Libraries/STM32F4xx_StdPeriph_Driver/src/stm32f4xx_i2c.o
                                0x691 (size before relaxing)
 .debug_str     0x00001322      0x177 Debug/Libraries/STM32F4xx_StdPeriph_Driver/src/stm32f4xx_pwr.o
                                0x367 (size before relaxing)
 .debug_str     0x00001499      0x5e2 Debug/Libraries/STM32F4xx_StdPeriph_Driver/src/stm32f4xx_rcc.o
                                0x858 (size before relaxing)
 .debug_str     0x00001a7b      0x153 Debug/Libraries/STM32F4xx_StdPeriph_Driver/src/stm32f4xx_syscfg.o
                                0x2de (size before relaxing)
 .debug_str     0x00001bce      0xb5b Debug/Libraries/STM32F4xx_StdPeriph_Driver/src/stm32f4xx_tim.o
                                0xdaf (size before relaxing)
 .debug_str     0x00002729      0x420 Debug/Libraries/STM32F4xx_StdPeriph_Driver/src/stm32f4xx_usart.o
                                0x66e (size before relaxing)
 .debug_str     0x00002b49       0x37 Debug/src/button.o
                                0x31c (size before relaxing)
 .debug_str     0x00002b80       0x50 Debug/src/debug_gpio.o
                                0x346 (size before relaxing)
 .debug_str     0x00002bd0      0x674 Debug/src/i2c.o
                                0xab1 (size before relaxing)
 .debug_str     0x00003244       0x36 Debug/src/led.o
                                0x326 (size before relaxing)
 .debug_str     0x0000327a       0x3a Debug/src/main.o
                                0x1e7 (size before relaxing)
 .debug_str     0x000032b4       0xfe Debug/src/motor_adc.o
                                0x520 (size before relaxing)
 .debug_str     0x000033b2       0xd0 Debug/src/motor_pwm.o
                                0x5b0 (size before relaxing)
 .debug_str     0x00003482       0x60 Debug/src/standby.o
                                0x829 (size before relaxing)
 .debug_str     0x000034e2       0xa3 Debug/src/stm32f4xx_it.o
                                0x1da (size before relaxing)
 .debug_str     0x00003585       0x80 Debug/src/system_stm32f4xx.o
                                0x371 (size before relaxing)
 .debug_str     0x00003605       0x45 Debug/src/timer.o
                                0x8b6 (size before relaxing)
 .debug_str     0x0000364a      0x422 Debug/src/tiny_printf.o
                                0x583 (size before relaxing)
 .debug_str     0x00003a6c       0x4d Debug/src/uart.o
                                0x422 (size before relaxing)

.comment        0x00000000       0x83
 .comment       0x00000000       0x83 Debug/Libraries/STM32F4xx_StdPeriph_Driver/src/misc.o
                                 0x84 (size before relaxing)
 .comment       0x00000000       0x84 Debug/Libraries/STM32F4xx_StdPeriph_Driver/src/stm32f4xx_adc.o
 .comment       0x00000000       0x84 Debug/Libraries/STM32F4xx_StdPeriph_Driver/src/stm32f4xx_exti.o
 .comment       0x00000000       0x84 Debug/Libraries/STM32F4xx_StdPeriph_Driver/src/stm32f4xx_gpio.o
 .comment       0x00000000       0x84 Debug/Libraries/STM32F4xx_StdPeriph_Driver/src/stm32f4xx_i2c.o
 .comment       0x00000000       0x84 Debug/Libraries/STM32F4xx_StdPeriph_Driver/src/stm32f4xx_pwr.o
 .comment       0x00000000       0x84 Debug/Libraries/STM32F4xx_StdPeriph_Driver/src/stm32f4xx_rcc.o
 .comment       0x00000000       0x84 Debug/Libraries/STM32F4xx_StdPeriph_Driver/src/stm32f4xx_syscfg.o
 .comment       0x00000000       0x84 Debug/Libraries/STM32F4xx_StdPeriph_Driver/src/stm32f4xx_tim.o
 .comment       0x00000000       0x84 Debug/Libraries/STM32F4xx_StdPeriph_Driver/src/stm32f4xx_usart.o
 .comment       0x00000000       0x84 Debug/src/button.o
 .comment       0x00000000       0x84 Debug/src/debug_gpio.o
 .comment       0x00000000       0x84 Debug/src/i2c.o
 .comment       0x00000000       0x84 Debug/src/led.o
 .comment       0x00000000       0x84 Debug/src/main.o
 .comment       0x00000000       0x84 Debug/src/motor_adc.o
 .comment       0x00000000       0x84 Debug/src/motor_pwm.o
 .comment       0x00000000       0x84 Debug/src/standby.o
 .comment       0x00000000       0x84 Debug/src/stm32f4xx_it.o
 .comment       0x00000000       0x84 Debug/src/system_stm32f4xx.o
 .comment       0x00000000       0x84 Debug/src/timer.o
 .comment       0x00000000       0x84 Debug/src/tiny_printf.o
 .comment       0x00000000       0x84 Debug/src/uart.o

.debug_frame    0x00000000     0x2860
 .debug_frame   0x00000000       0x9c Debug/Libraries/STM32F4xx_StdPeriph_Driver/src/misc.o
 .debug_frame   0x0000009c      0x434 Debug/Libraries/STM32F4xx_StdPeriph_Driver/src/stm32f4xx_adc.o
 .debug_frame   0x000004d0       0xec Debug/Libraries/STM32F4xx_StdPeriph_Driver/src/stm32f4xx_exti.o
 .debug_frame   0x000005bc      0x19c Debug/Libraries/STM32F4xx_StdPeriph_Driver/src/stm32f4xx_gpio.o
 .debug_frame   0x00000758      0x3ec Debug/Libraries/STM32F4xx_StdPeriph_Driver/src/stm32f4xx_i2c.o
 .debug_frame   0x00000b44      0x15c Debug/Libraries/STM32F4xx_StdPeriph_Driver/src/stm32f4xx_pwr.o
 .debug_frame   0x00000ca0      0x4f4 Debug/Libraries/STM32F4xx_StdPeriph_Driver/src/stm32f4xx_rcc.o
 .debug_frame   0x00001194       0xbc Debug/Libraries/STM32F4xx_StdPeriph_Driver/src/stm32f4xx_syscfg.o
 .debug_frame   0x00001250      0xa3c Debug/Libraries/STM32F4xx_StdPeriph_Driver/src/stm32f4xx_tim.o
 .debug_frame   0x00001c8c      0x344 Debug/Libraries/STM32F4xx_StdPeriph_Driver/src/stm32f4xx_usart.o
 .debug_frame   0x00001fd0       0x4c Debug/src/button.o
 .debug_frame   0x0000201c       0x90 Debug/src/debug_gpio.o
 .debug_frame   0x000020ac      0x128 Debug/src/i2c.o
 .debug_frame   0x000021d4       0x90 Debug/src/led.o
 .debug_frame   0x00002264       0x30 Debug/src/main.o
 .debug_frame   0x00002294      0x110 Debug/src/motor_adc.o
 .debug_frame   0x000023a4       0xac Debug/src/motor_pwm.o
 .debug_frame   0x00002450       0x68 Debug/src/standby.o
 .debug_frame   0x000024b8       0xe8 Debug/src/stm32f4xx_it.o
 .debug_frame   0x000025a0       0x64 Debug/src/system_stm32f4xx.o
 .debug_frame   0x00002604       0x68 Debug/src/timer.o
 .debug_frame   0x0000266c      0x134 Debug/src/tiny_printf.o
 .debug_frame   0x000027a0       0x6c Debug/src/uart.o
 .debug_frame   0x0000280c       0x2c c:/program files/atollic/truestudio for arm lite 4.0.1/armtools/bin/../lib/gcc/arm-atollic-eabi/4.7.3/../../../../arm-atollic-eabi/lib/armv7e-m/fpu\libc.a(lib_a-init.o)
 .debug_frame   0x00002838       0x28 c:/program files/atollic/truestudio for arm lite 4.0.1/armtools/bin/../lib/gcc/arm-atollic-eabi/4.7.3/../../../../arm-atollic-eabi/lib/armv7e-m/fpu\libc.a(lib_a-memcpy.o)

Cross Reference Table

Symbol                                            File
ADC_AnalogWatchdogCmd                             Debug/Libraries/STM32F4xx_StdPeriph_Driver/src/stm32f4xx_adc.o
ADC_AnalogWatchdogSingleChannelConfig             Debug/Libraries/STM32F4xx_StdPeriph_Driver/src/stm32f4xx_adc.o
ADC_AnalogWatchdogThresholdsConfig                Debug/Libraries/STM32F4xx_StdPeriph_Driver/src/stm32f4xx_adc.o
ADC_AutoInjectedConvCmd                           Debug/Libraries/STM32F4xx_StdPeriph_Driver/src/stm32f4xx_adc.o
ADC_ClearFlag                                     Debug/Libraries/STM32F4xx_StdPeriph_Driver/src/stm32f4xx_adc.o
ADC_ClearITPendingBit                             Debug/Libraries/STM32F4xx_StdPeriph_Driver/src/stm32f4xx_adc.o
ADC_Cmd                                           Debug/Libraries/STM32F4xx_StdPeriph_Driver/src/stm32f4xx_adc.o
                                                  Debug/src/motor_adc.o
ADC_CommonInit                                    Debug/Libraries/STM32F4xx_StdPeriph_Driver/src/stm32f4xx_adc.o
ADC_CommonStructInit                              Debug/Libraries/STM32F4xx_StdPeriph_Driver/src/stm32f4xx_adc.o
ADC_ContinuousModeCmd                             Debug/Libraries/STM32F4xx_StdPeriph_Driver/src/stm32f4xx_adc.o
ADC_DMACmd                                        Debug/Libraries/STM32F4xx_StdPeriph_Driver/src/stm32f4xx_adc.o
ADC_DMARequestAfterLastTransferCmd                Debug/Libraries/STM32F4xx_StdPeriph_Driver/src/stm32f4xx_adc.o
ADC_DeInit                                        Debug/Libraries/STM32F4xx_StdPeriph_Driver/src/stm32f4xx_adc.o
                                                  Debug/src/motor_adc.o
ADC_DiscModeChannelCountConfig                    Debug/Libraries/STM32F4xx_StdPeriph_Driver/src/stm32f4xx_adc.o
ADC_DiscModeCmd                                   Debug/Libraries/STM32F4xx_StdPeriph_Driver/src/stm32f4xx_adc.o
ADC_EOCOnEachRegularChannelCmd                    Debug/Libraries/STM32F4xx_StdPeriph_Driver/src/stm32f4xx_adc.o
ADC_ExternalTrigInjectedConvConfig                Debug/Libraries/STM32F4xx_StdPeriph_Driver/src/stm32f4xx_adc.o
ADC_ExternalTrigInjectedConvEdgeConfig            Debug/Libraries/STM32F4xx_StdPeriph_Driver/src/stm32f4xx_adc.o
ADC_GetConversionValue                            Debug/Libraries/STM32F4xx_StdPeriph_Driver/src/stm32f4xx_adc.o
                                                  Debug/src/motor_adc.o
ADC_GetFlagStatus                                 Debug/Libraries/STM32F4xx_StdPeriph_Driver/src/stm32f4xx_adc.o
                                                  Debug/src/motor_adc.o
ADC_GetITStatus                                   Debug/Libraries/STM32F4xx_StdPeriph_Driver/src/stm32f4xx_adc.o
ADC_GetInjectedConversionValue                    Debug/Libraries/STM32F4xx_StdPeriph_Driver/src/stm32f4xx_adc.o
ADC_GetMultiModeConversionValue                   Debug/Libraries/STM32F4xx_StdPeriph_Driver/src/stm32f4xx_adc.o
ADC_GetSoftwareStartConvStatus                    Debug/Libraries/STM32F4xx_StdPeriph_Driver/src/stm32f4xx_adc.o
ADC_GetSoftwareStartInjectedConvCmdStatus         Debug/Libraries/STM32F4xx_StdPeriph_Driver/src/stm32f4xx_adc.o
ADC_IRQHandler                                    Debug/src/startup_stm32f40xx.o
ADC_ITConfig                                      Debug/Libraries/STM32F4xx_StdPeriph_Driver/src/stm32f4xx_adc.o
ADC_Init                                          Debug/Libraries/STM32F4xx_StdPeriph_Driver/src/stm32f4xx_adc.o
                                                  Debug/src/motor_adc.o
ADC_InjectedChannelConfig                         Debug/Libraries/STM32F4xx_StdPeriph_Driver/src/stm32f4xx_adc.o
ADC_InjectedDiscModeCmd                           Debug/Libraries/STM32F4xx_StdPeriph_Driver/src/stm32f4xx_adc.o
ADC_InjectedSequencerLengthConfig                 Debug/Libraries/STM32F4xx_StdPeriph_Driver/src/stm32f4xx_adc.o
ADC_MultiModeDMARequestAfterLastTransferCmd       Debug/Libraries/STM32F4xx_StdPeriph_Driver/src/stm32f4xx_adc.o
ADC_RegularChannelConfig                          Debug/Libraries/STM32F4xx_StdPeriph_Driver/src/stm32f4xx_adc.o
                                                  Debug/src/motor_adc.o
ADC_SetInjectedOffset                             Debug/Libraries/STM32F4xx_StdPeriph_Driver/src/stm32f4xx_adc.o
ADC_SoftwareStartConv                             Debug/Libraries/STM32F4xx_StdPeriph_Driver/src/stm32f4xx_adc.o
                                                  Debug/src/motor_adc.o
ADC_SoftwareStartInjectedConv                     Debug/Libraries/STM32F4xx_StdPeriph_Driver/src/stm32f4xx_adc.o
ADC_StructInit                                    Debug/Libraries/STM32F4xx_StdPeriph_Driver/src/stm32f4xx_adc.o
ADC_TempSensorVrefintCmd                          Debug/Libraries/STM32F4xx_StdPeriph_Driver/src/stm32f4xx_adc.o
ADC_VBATCmd                                       Debug/Libraries/STM32F4xx_StdPeriph_Driver/src/stm32f4xx_adc.o
AHBPrescTable                                     Debug/src/system_stm32f4xx.o
BusFault_Handler                                  Debug/src/stm32f4xx_it.o
CAN1_RX0_IRQHandler                               Debug/src/startup_stm32f40xx.o
CAN1_RX1_IRQHandler                               Debug/src/startup_stm32f40xx.o
CAN1_SCE_IRQHandler                               Debug/src/startup_stm32f40xx.o
CAN1_TX_IRQHandler                                Debug/src/startup_stm32f40xx.o
CAN2_RX0_IRQHandler                               Debug/src/startup_stm32f40xx.o
CAN2_RX1_IRQHandler                               Debug/src/startup_stm32f40xx.o
CAN2_SCE_IRQHandler                               Debug/src/startup_stm32f40xx.o
CAN2_TX_IRQHandler                                Debug/src/startup_stm32f40xx.o
CAN_CancelTransmit                                Debug/Libraries/STM32F4xx_StdPeriph_Driver/src/stm32f4xx_can.o
CAN_ClearFlag                                     Debug/Libraries/STM32F4xx_StdPeriph_Driver/src/stm32f4xx_can.o
CAN_ClearITPendingBit                             Debug/Libraries/STM32F4xx_StdPeriph_Driver/src/stm32f4xx_can.o
CAN_DBGFreeze                                     Debug/Libraries/STM32F4xx_StdPeriph_Driver/src/stm32f4xx_can.o
CAN_DeInit                                        Debug/Libraries/STM32F4xx_StdPeriph_Driver/src/stm32f4xx_can.o
CAN_FIFORelease                                   Debug/Libraries/STM32F4xx_StdPeriph_Driver/src/stm32f4xx_can.o
CAN_FilterInit                                    Debug/Libraries/STM32F4xx_StdPeriph_Driver/src/stm32f4xx_can.o
CAN_GetFlagStatus                                 Debug/Libraries/STM32F4xx_StdPeriph_Driver/src/stm32f4xx_can.o
CAN_GetITStatus                                   Debug/Libraries/STM32F4xx_StdPeriph_Driver/src/stm32f4xx_can.o
CAN_GetLSBTransmitErrorCounter                    Debug/Libraries/STM32F4xx_StdPeriph_Driver/src/stm32f4xx_can.o
CAN_GetLastErrorCode                              Debug/Libraries/STM32F4xx_StdPeriph_Driver/src/stm32f4xx_can.o
CAN_GetReceiveErrorCounter                        Debug/Libraries/STM32F4xx_StdPeriph_Driver/src/stm32f4xx_can.o
CAN_ITConfig                                      Debug/Libraries/STM32F4xx_StdPeriph_Driver/src/stm32f4xx_can.o
CAN_Init                                          Debug/Libraries/STM32F4xx_StdPeriph_Driver/src/stm32f4xx_can.o
CAN_MessagePending                                Debug/Libraries/STM32F4xx_StdPeriph_Driver/src/stm32f4xx_can.o
CAN_OperatingModeRequest                          Debug/Libraries/STM32F4xx_StdPeriph_Driver/src/stm32f4xx_can.o
CAN_Receive                                       Debug/Libraries/STM32F4xx_StdPeriph_Driver/src/stm32f4xx_can.o
CAN_SlaveStartBank                                Debug/Libraries/STM32F4xx_StdPeriph_Driver/src/stm32f4xx_can.o
CAN_Sleep                                         Debug/Libraries/STM32F4xx_StdPeriph_Driver/src/stm32f4xx_can.o
CAN_StructInit                                    Debug/Libraries/STM32F4xx_StdPeriph_Driver/src/stm32f4xx_can.o
CAN_TTComModeCmd                                  Debug/Libraries/STM32F4xx_StdPeriph_Driver/src/stm32f4xx_can.o
CAN_Transmit                                      Debug/Libraries/STM32F4xx_StdPeriph_Driver/src/stm32f4xx_can.o
CAN_TransmitStatus                                Debug/Libraries/STM32F4xx_StdPeriph_Driver/src/stm32f4xx_can.o
CAN_WakeUp                                        Debug/Libraries/STM32F4xx_StdPeriph_Driver/src/stm32f4xx_can.o
CRC_CalcBlockCRC                                  Debug/Libraries/STM32F4xx_StdPeriph_Driver/src/stm32f4xx_crc.o
CRC_CalcCRC                                       Debug/Libraries/STM32F4xx_StdPeriph_Driver/src/stm32f4xx_crc.o
CRC_GetCRC                                        Debug/Libraries/STM32F4xx_StdPeriph_Driver/src/stm32f4xx_crc.o
CRC_GetIDRegister                                 Debug/Libraries/STM32F4xx_StdPeriph_Driver/src/stm32f4xx_crc.o
CRC_ResetDR                                       Debug/Libraries/STM32F4xx_StdPeriph_Driver/src/stm32f4xx_crc.o
CRC_SetIDRegister                                 Debug/Libraries/STM32F4xx_StdPeriph_Driver/src/stm32f4xx_crc.o
CRYP_AES_CBC                                      Debug/Libraries/STM32F4xx_StdPeriph_Driver/src/stm32f4xx_cryp_aes.o
CRYP_AES_CCM                                      Debug/Libraries/STM32F4xx_StdPeriph_Driver/src/stm32f4xx_cryp_aes.o
CRYP_AES_CTR                                      Debug/Libraries/STM32F4xx_StdPeriph_Driver/src/stm32f4xx_cryp_aes.o
CRYP_AES_ECB                                      Debug/Libraries/STM32F4xx_StdPeriph_Driver/src/stm32f4xx_cryp_aes.o
CRYP_AES_GCM                                      Debug/Libraries/STM32F4xx_StdPeriph_Driver/src/stm32f4xx_cryp_aes.o
CRYP_Cmd                                          Debug/Libraries/STM32F4xx_StdPeriph_Driver/src/stm32f4xx_cryp.o
                                                  Debug/Libraries/STM32F4xx_StdPeriph_Driver/src/stm32f4xx_cryp_tdes.o
                                                  Debug/Libraries/STM32F4xx_StdPeriph_Driver/src/stm32f4xx_cryp_des.o
                                                  Debug/Libraries/STM32F4xx_StdPeriph_Driver/src/stm32f4xx_cryp_aes.o
CRYP_DES_CBC                                      Debug/Libraries/STM32F4xx_StdPeriph_Driver/src/stm32f4xx_cryp_des.o
CRYP_DES_ECB                                      Debug/Libraries/STM32F4xx_StdPeriph_Driver/src/stm32f4xx_cryp_des.o
CRYP_DMACmd                                       Debug/Libraries/STM32F4xx_StdPeriph_Driver/src/stm32f4xx_cryp.o
CRYP_DataIn                                       Debug/Libraries/STM32F4xx_StdPeriph_Driver/src/stm32f4xx_cryp.o
                                                  Debug/Libraries/STM32F4xx_StdPeriph_Driver/src/stm32f4xx_cryp_tdes.o
                                                  Debug/Libraries/STM32F4xx_StdPeriph_Driver/src/stm32f4xx_cryp_des.o
                                                  Debug/Libraries/STM32F4xx_StdPeriph_Driver/src/stm32f4xx_cryp_aes.o
CRYP_DataOut                                      Debug/Libraries/STM32F4xx_StdPeriph_Driver/src/stm32f4xx_cryp.o
                                                  Debug/Libraries/STM32F4xx_StdPeriph_Driver/src/stm32f4xx_cryp_tdes.o
                                                  Debug/Libraries/STM32F4xx_StdPeriph_Driver/src/stm32f4xx_cryp_des.o
                                                  Debug/Libraries/STM32F4xx_StdPeriph_Driver/src/stm32f4xx_cryp_aes.o
CRYP_DeInit                                       Debug/Libraries/STM32F4xx_StdPeriph_Driver/src/stm32f4xx_cryp.o
CRYP_FIFOFlush                                    Debug/Libraries/STM32F4xx_StdPeriph_Driver/src/stm32f4xx_cryp.o
                                                  Debug/Libraries/STM32F4xx_StdPeriph_Driver/src/stm32f4xx_cryp_tdes.o
                                                  Debug/Libraries/STM32F4xx_StdPeriph_Driver/src/stm32f4xx_cryp_des.o
                                                  Debug/Libraries/STM32F4xx_StdPeriph_Driver/src/stm32f4xx_cryp_aes.o
CRYP_GetCmdStatus                                 Debug/Libraries/STM32F4xx_StdPeriph_Driver/src/stm32f4xx_cryp.o
                                                  Debug/Libraries/STM32F4xx_StdPeriph_Driver/src/stm32f4xx_cryp_tdes.o
                                                  Debug/Libraries/STM32F4xx_StdPeriph_Driver/src/stm32f4xx_cryp_des.o
                                                  Debug/Libraries/STM32F4xx_StdPeriph_Driver/src/stm32f4xx_cryp_aes.o
CRYP_GetFlagStatus                                Debug/Libraries/STM32F4xx_StdPeriph_Driver/src/stm32f4xx_cryp.o
                                                  Debug/Libraries/STM32F4xx_StdPeriph_Driver/src/stm32f4xx_cryp_tdes.o
                                                  Debug/Libraries/STM32F4xx_StdPeriph_Driver/src/stm32f4xx_cryp_des.o
                                                  Debug/Libraries/STM32F4xx_StdPeriph_Driver/src/stm32f4xx_cryp_aes.o
CRYP_GetITStatus                                  Debug/Libraries/STM32F4xx_StdPeriph_Driver/src/stm32f4xx_cryp.o
CRYP_IRQHandler                                   Debug/src/startup_stm32f40xx.o
CRYP_ITConfig                                     Debug/Libraries/STM32F4xx_StdPeriph_Driver/src/stm32f4xx_cryp.o
CRYP_IVInit                                       Debug/Libraries/STM32F4xx_StdPeriph_Driver/src/stm32f4xx_cryp.o
                                                  Debug/Libraries/STM32F4xx_StdPeriph_Driver/src/stm32f4xx_cryp_tdes.o
                                                  Debug/Libraries/STM32F4xx_StdPeriph_Driver/src/stm32f4xx_cryp_des.o
                                                  Debug/Libraries/STM32F4xx_StdPeriph_Driver/src/stm32f4xx_cryp_aes.o
CRYP_IVStructInit                                 Debug/Libraries/STM32F4xx_StdPeriph_Driver/src/stm32f4xx_cryp.o
CRYP_Init                                         Debug/Libraries/STM32F4xx_StdPeriph_Driver/src/stm32f4xx_cryp.o
                                                  Debug/Libraries/STM32F4xx_StdPeriph_Driver/src/stm32f4xx_cryp_tdes.o
                                                  Debug/Libraries/STM32F4xx_StdPeriph_Driver/src/stm32f4xx_cryp_des.o
                                                  Debug/Libraries/STM32F4xx_StdPeriph_Driver/src/stm32f4xx_cryp_aes.o
CRYP_KeyInit                                      Debug/Libraries/STM32F4xx_StdPeriph_Driver/src/stm32f4xx_cryp.o
                                                  Debug/Libraries/STM32F4xx_StdPeriph_Driver/src/stm32f4xx_cryp_tdes.o
                                                  Debug/Libraries/STM32F4xx_StdPeriph_Driver/src/stm32f4xx_cryp_des.o
                                                  Debug/Libraries/STM32F4xx_StdPeriph_Driver/src/stm32f4xx_cryp_aes.o
CRYP_KeyStructInit                                Debug/Libraries/STM32F4xx_StdPeriph_Driver/src/stm32f4xx_cryp.o
                                                  Debug/Libraries/STM32F4xx_StdPeriph_Driver/src/stm32f4xx_cryp_tdes.o
                                                  Debug/Libraries/STM32F4xx_StdPeriph_Driver/src/stm32f4xx_cryp_des.o
                                                  Debug/Libraries/STM32F4xx_StdPeriph_Driver/src/stm32f4xx_cryp_aes.o
CRYP_PhaseConfig                                  Debug/Libraries/STM32F4xx_StdPeriph_Driver/src/stm32f4xx_cryp.o
                                                  Debug/Libraries/STM32F4xx_StdPeriph_Driver/src/stm32f4xx_cryp_aes.o
CRYP_RestoreContext                               Debug/Libraries/STM32F4xx_StdPeriph_Driver/src/stm32f4xx_cryp.o
CRYP_SaveContext                                  Debug/Libraries/STM32F4xx_StdPeriph_Driver/src/stm32f4xx_cryp.o
CRYP_StructInit                                   Debug/Libraries/STM32F4xx_StdPeriph_Driver/src/stm32f4xx_cryp.o
CRYP_TDES_CBC                                     Debug/Libraries/STM32F4xx_StdPeriph_Driver/src/stm32f4xx_cryp_tdes.o
CRYP_TDES_ECB                                     Debug/Libraries/STM32F4xx_StdPeriph_Driver/src/stm32f4xx_cryp_tdes.o
DAC_ClearFlag                                     Debug/Libraries/STM32F4xx_StdPeriph_Driver/src/stm32f4xx_dac.o
DAC_ClearITPendingBit                             Debug/Libraries/STM32F4xx_StdPeriph_Driver/src/stm32f4xx_dac.o
DAC_Cmd                                           Debug/Libraries/STM32F4xx_StdPeriph_Driver/src/stm32f4xx_dac.o
DAC_DMACmd                                        Debug/Libraries/STM32F4xx_StdPeriph_Driver/src/stm32f4xx_dac.o
DAC_DeInit                                        Debug/Libraries/STM32F4xx_StdPeriph_Driver/src/stm32f4xx_dac.o
DAC_DualSoftwareTriggerCmd                        Debug/Libraries/STM32F4xx_StdPeriph_Driver/src/stm32f4xx_dac.o
DAC_GetDataOutputValue                            Debug/Libraries/STM32F4xx_StdPeriph_Driver/src/stm32f4xx_dac.o
DAC_GetFlagStatus                                 Debug/Libraries/STM32F4xx_StdPeriph_Driver/src/stm32f4xx_dac.o
DAC_GetITStatus                                   Debug/Libraries/STM32F4xx_StdPeriph_Driver/src/stm32f4xx_dac.o
DAC_ITConfig                                      Debug/Libraries/STM32F4xx_StdPeriph_Driver/src/stm32f4xx_dac.o
DAC_Init                                          Debug/Libraries/STM32F4xx_StdPeriph_Driver/src/stm32f4xx_dac.o
DAC_SetChannel1Data                               Debug/Libraries/STM32F4xx_StdPeriph_Driver/src/stm32f4xx_dac.o
DAC_SetChannel2Data                               Debug/Libraries/STM32F4xx_StdPeriph_Driver/src/stm32f4xx_dac.o
DAC_SetDualChannelData                            Debug/Libraries/STM32F4xx_StdPeriph_Driver/src/stm32f4xx_dac.o
DAC_SoftwareTriggerCmd                            Debug/Libraries/STM32F4xx_StdPeriph_Driver/src/stm32f4xx_dac.o
DAC_StructInit                                    Debug/Libraries/STM32F4xx_StdPeriph_Driver/src/stm32f4xx_dac.o
DAC_WaveGenerationCmd                             Debug/Libraries/STM32F4xx_StdPeriph_Driver/src/stm32f4xx_dac.o
DBGMCU_APB1PeriphConfig                           Debug/Libraries/STM32F4xx_StdPeriph_Driver/src/stm32f4xx_dbgmcu.o
DBGMCU_APB2PeriphConfig                           Debug/Libraries/STM32F4xx_StdPeriph_Driver/src/stm32f4xx_dbgmcu.o
DBGMCU_Config                                     Debug/Libraries/STM32F4xx_StdPeriph_Driver/src/stm32f4xx_dbgmcu.o
DBGMCU_GetDEVID                                   Debug/Libraries/STM32F4xx_StdPeriph_Driver/src/stm32f4xx_dbgmcu.o
DBGMCU_GetREVID                                   Debug/Libraries/STM32F4xx_StdPeriph_Driver/src/stm32f4xx_dbgmcu.o
DCMI_CROPCmd                                      Debug/Libraries/STM32F4xx_StdPeriph_Driver/src/stm32f4xx_dcmi.o
DCMI_CROPConfig                                   Debug/Libraries/STM32F4xx_StdPeriph_Driver/src/stm32f4xx_dcmi.o
DCMI_CaptureCmd                                   Debug/Libraries/STM32F4xx_StdPeriph_Driver/src/stm32f4xx_dcmi.o
DCMI_ClearFlag                                    Debug/Libraries/STM32F4xx_StdPeriph_Driver/src/stm32f4xx_dcmi.o
DCMI_ClearITPendingBit                            Debug/Libraries/STM32F4xx_StdPeriph_Driver/src/stm32f4xx_dcmi.o
DCMI_Cmd                                          Debug/Libraries/STM32F4xx_StdPeriph_Driver/src/stm32f4xx_dcmi.o
DCMI_DeInit                                       Debug/Libraries/STM32F4xx_StdPeriph_Driver/src/stm32f4xx_dcmi.o
DCMI_GetFlagStatus                                Debug/Libraries/STM32F4xx_StdPeriph_Driver/src/stm32f4xx_dcmi.o
DCMI_GetITStatus                                  Debug/Libraries/STM32F4xx_StdPeriph_Driver/src/stm32f4xx_dcmi.o
DCMI_IRQHandler                                   Debug/src/startup_stm32f40xx.o
DCMI_ITConfig                                     Debug/Libraries/STM32F4xx_StdPeriph_Driver/src/stm32f4xx_dcmi.o
DCMI_Init                                         Debug/Libraries/STM32F4xx_StdPeriph_Driver/src/stm32f4xx_dcmi.o
DCMI_JPEGCmd                                      Debug/Libraries/STM32F4xx_StdPeriph_Driver/src/stm32f4xx_dcmi.o
DCMI_ReadData                                     Debug/Libraries/STM32F4xx_StdPeriph_Driver/src/stm32f4xx_dcmi.o
DCMI_SetEmbeddedSynchroCodes                      Debug/Libraries/STM32F4xx_StdPeriph_Driver/src/stm32f4xx_dcmi.o
DCMI_StructInit                                   Debug/Libraries/STM32F4xx_StdPeriph_Driver/src/stm32f4xx_dcmi.o
DMA1_Stream0_IRQHandler                           Debug/src/startup_stm32f40xx.o
DMA1_Stream1_IRQHandler                           Debug/src/startup_stm32f40xx.o
DMA1_Stream2_IRQHandler                           Debug/src/startup_stm32f40xx.o
DMA1_Stream3_IRQHandler                           Debug/src/startup_stm32f40xx.o
DMA1_Stream4_IRQHandler                           Debug/src/startup_stm32f40xx.o
DMA1_Stream5_IRQHandler                           Debug/src/startup_stm32f40xx.o
DMA1_Stream6_IRQHandler                           Debug/src/startup_stm32f40xx.o
DMA1_Stream7_IRQHandler                           Debug/src/startup_stm32f40xx.o
DMA2_Stream0_IRQHandler                           Debug/src/startup_stm32f40xx.o
DMA2_Stream1_IRQHandler                           Debug/src/startup_stm32f40xx.o
DMA2_Stream2_IRQHandler                           Debug/src/startup_stm32f40xx.o
DMA2_Stream3_IRQHandler                           Debug/src/startup_stm32f40xx.o
DMA2_Stream4_IRQHandler                           Debug/src/startup_stm32f40xx.o
DMA2_Stream5_IRQHandler                           Debug/src/startup_stm32f40xx.o
DMA2_Stream6_IRQHandler                           Debug/src/startup_stm32f40xx.o
DMA2_Stream7_IRQHandler                           Debug/src/startup_stm32f40xx.o
DMA_ClearFlag                                     Debug/Libraries/STM32F4xx_StdPeriph_Driver/src/stm32f4xx_dma.o
DMA_ClearITPendingBit                             Debug/Libraries/STM32F4xx_StdPeriph_Driver/src/stm32f4xx_dma.o
DMA_Cmd                                           Debug/Libraries/STM32F4xx_StdPeriph_Driver/src/stm32f4xx_dma.o
DMA_DeInit                                        Debug/Libraries/STM32F4xx_StdPeriph_Driver/src/stm32f4xx_dma.o
DMA_DoubleBufferModeCmd                           Debug/Libraries/STM32F4xx_StdPeriph_Driver/src/stm32f4xx_dma.o
DMA_DoubleBufferModeConfig                        Debug/Libraries/STM32F4xx_StdPeriph_Driver/src/stm32f4xx_dma.o
DMA_FlowControllerConfig                          Debug/Libraries/STM32F4xx_StdPeriph_Driver/src/stm32f4xx_dma.o
DMA_GetCmdStatus                                  Debug/Libraries/STM32F4xx_StdPeriph_Driver/src/stm32f4xx_dma.o
DMA_GetCurrDataCounter                            Debug/Libraries/STM32F4xx_StdPeriph_Driver/src/stm32f4xx_dma.o
DMA_GetCurrentMemoryTarget                        Debug/Libraries/STM32F4xx_StdPeriph_Driver/src/stm32f4xx_dma.o
DMA_GetFIFOStatus                                 Debug/Libraries/STM32F4xx_StdPeriph_Driver/src/stm32f4xx_dma.o
DMA_GetFlagStatus                                 Debug/Libraries/STM32F4xx_StdPeriph_Driver/src/stm32f4xx_dma.o
DMA_GetITStatus                                   Debug/Libraries/STM32F4xx_StdPeriph_Driver/src/stm32f4xx_dma.o
DMA_ITConfig                                      Debug/Libraries/STM32F4xx_StdPeriph_Driver/src/stm32f4xx_dma.o
DMA_Init                                          Debug/Libraries/STM32F4xx_StdPeriph_Driver/src/stm32f4xx_dma.o
DMA_MemoryTargetConfig                            Debug/Libraries/STM32F4xx_StdPeriph_Driver/src/stm32f4xx_dma.o
DMA_PeriphIncOffsetSizeConfig                     Debug/Libraries/STM32F4xx_StdPeriph_Driver/src/stm32f4xx_dma.o
DMA_SetCurrDataCounter                            Debug/Libraries/STM32F4xx_StdPeriph_Driver/src/stm32f4xx_dma.o
DMA_StructInit                                    Debug/Libraries/STM32F4xx_StdPeriph_Driver/src/stm32f4xx_dma.o
DebugMon_Handler                                  Debug/src/stm32f4xx_it.o
Default_Handler                                   Debug/src/startup_stm32f40xx.o
ETH_IRQHandler                                    Debug/src/startup_stm32f40xx.o
ETH_WKUP_IRQHandler                               Debug/src/startup_stm32f40xx.o
EXTI0_IRQHandler                                  Debug/src/standby.o
EXTI15_10_IRQHandler                              Debug/src/startup_stm32f40xx.o
EXTI1_IRQHandler                                  Debug/src/startup_stm32f40xx.o
EXTI2_IRQHandler                                  Debug/src/startup_stm32f40xx.o
EXTI3_IRQHandler                                  Debug/src/startup_stm32f40xx.o
EXTI4_IRQHandler                                  Debug/src/startup_stm32f40xx.o
EXTI9_5_IRQHandler                                Debug/src/startup_stm32f40xx.o
EXTI_ClearFlag                                    Debug/Libraries/STM32F4xx_StdPeriph_Driver/src/stm32f4xx_exti.o
EXTI_ClearITPendingBit                            Debug/Libraries/STM32F4xx_StdPeriph_Driver/src/stm32f4xx_exti.o
                                                  Debug/src/standby.o
EXTI_DeInit                                       Debug/Libraries/STM32F4xx_StdPeriph_Driver/src/stm32f4xx_exti.o
EXTI_GenerateSWInterrupt                          Debug/Libraries/STM32F4xx_StdPeriph_Driver/src/stm32f4xx_exti.o
EXTI_GetFlagStatus                                Debug/Libraries/STM32F4xx_StdPeriph_Driver/src/stm32f4xx_exti.o
EXTI_GetITStatus                                  Debug/Libraries/STM32F4xx_StdPeriph_Driver/src/stm32f4xx_exti.o
                                                  Debug/src/standby.o
EXTI_Init                                         Debug/Libraries/STM32F4xx_StdPeriph_Driver/src/stm32f4xx_exti.o
                                                  Debug/src/standby.o
EXTI_StructInit                                   Debug/Libraries/STM32F4xx_StdPeriph_Driver/src/stm32f4xx_exti.o
FLASH_ClearFlag                                   Debug/Libraries/STM32F4xx_StdPeriph_Driver/src/stm32f4xx_flash.o
FLASH_DataCacheCmd                                Debug/Libraries/STM32F4xx_StdPeriph_Driver/src/stm32f4xx_flash.o
FLASH_DataCacheReset                              Debug/Libraries/STM32F4xx_StdPeriph_Driver/src/stm32f4xx_flash.o
FLASH_EraseAllSectors                             Debug/Libraries/STM32F4xx_StdPeriph_Driver/src/stm32f4xx_flash.o
FLASH_EraseSector                                 Debug/Libraries/STM32F4xx_StdPeriph_Driver/src/stm32f4xx_flash.o
FLASH_GetFlagStatus                               Debug/Libraries/STM32F4xx_StdPeriph_Driver/src/stm32f4xx_flash.o
FLASH_GetStatus                                   Debug/Libraries/STM32F4xx_StdPeriph_Driver/src/stm32f4xx_flash.o
FLASH_IRQHandler                                  Debug/src/startup_stm32f40xx.o
FLASH_ITConfig                                    Debug/Libraries/STM32F4xx_StdPeriph_Driver/src/stm32f4xx_flash.o
FLASH_InstructionCacheCmd                         Debug/Libraries/STM32F4xx_StdPeriph_Driver/src/stm32f4xx_flash.o
FLASH_InstructionCacheReset                       Debug/Libraries/STM32F4xx_StdPeriph_Driver/src/stm32f4xx_flash.o
FLASH_Lock                                        Debug/Libraries/STM32F4xx_StdPeriph_Driver/src/stm32f4xx_flash.o
FLASH_OB_BORConfig                                Debug/Libraries/STM32F4xx_StdPeriph_Driver/src/stm32f4xx_flash.o
FLASH_OB_GetBOR                                   Debug/Libraries/STM32F4xx_StdPeriph_Driver/src/stm32f4xx_flash.o
FLASH_OB_GetRDP                                   Debug/Libraries/STM32F4xx_StdPeriph_Driver/src/stm32f4xx_flash.o
FLASH_OB_GetUser                                  Debug/Libraries/STM32F4xx_StdPeriph_Driver/src/stm32f4xx_flash.o
FLASH_OB_GetWRP                                   Debug/Libraries/STM32F4xx_StdPeriph_Driver/src/stm32f4xx_flash.o
FLASH_OB_GetWRP1                                  Debug/Libraries/STM32F4xx_StdPeriph_Driver/src/stm32f4xx_flash.o
FLASH_OB_Launch                                   Debug/Libraries/STM32F4xx_StdPeriph_Driver/src/stm32f4xx_flash.o
FLASH_OB_Lock                                     Debug/Libraries/STM32F4xx_StdPeriph_Driver/src/stm32f4xx_flash.o
FLASH_OB_RDPConfig                                Debug/Libraries/STM32F4xx_StdPeriph_Driver/src/stm32f4xx_flash.o
FLASH_OB_Unlock                                   Debug/Libraries/STM32F4xx_StdPeriph_Driver/src/stm32f4xx_flash.o
FLASH_OB_UserConfig                               Debug/Libraries/STM32F4xx_StdPeriph_Driver/src/stm32f4xx_flash.o
FLASH_OB_WRP1Config                               Debug/Libraries/STM32F4xx_StdPeriph_Driver/src/stm32f4xx_flash.o
FLASH_OB_WRPConfig                                Debug/Libraries/STM32F4xx_StdPeriph_Driver/src/stm32f4xx_flash.o
FLASH_PrefetchBufferCmd                           Debug/Libraries/STM32F4xx_StdPeriph_Driver/src/stm32f4xx_flash.o
FLASH_ProgramByte                                 Debug/Libraries/STM32F4xx_StdPeriph_Driver/src/stm32f4xx_flash.o
FLASH_ProgramDoubleWord                           Debug/Libraries/STM32F4xx_StdPeriph_Driver/src/stm32f4xx_flash.o
FLASH_ProgramHalfWord                             Debug/Libraries/STM32F4xx_StdPeriph_Driver/src/stm32f4xx_flash.o
FLASH_ProgramWord                                 Debug/Libraries/STM32F4xx_StdPeriph_Driver/src/stm32f4xx_flash.o
FLASH_SetLatency                                  Debug/Libraries/STM32F4xx_StdPeriph_Driver/src/stm32f4xx_flash.o
FLASH_Unlock                                      Debug/Libraries/STM32F4xx_StdPeriph_Driver/src/stm32f4xx_flash.o
FLASH_WaitForLastOperation                        Debug/Libraries/STM32F4xx_StdPeriph_Driver/src/stm32f4xx_flash.o
FPU_IRQHandler                                    Debug/src/startup_stm32f40xx.o
FSMC_ClearFlag                                    Debug/Libraries/STM32F4xx_StdPeriph_Driver/src/stm32f4xx_fsmc.o
FSMC_ClearITPendingBit                            Debug/Libraries/STM32F4xx_StdPeriph_Driver/src/stm32f4xx_fsmc.o
FSMC_GetECC                                       Debug/Libraries/STM32F4xx_StdPeriph_Driver/src/stm32f4xx_fsmc.o
FSMC_GetFlagStatus                                Debug/Libraries/STM32F4xx_StdPeriph_Driver/src/stm32f4xx_fsmc.o
FSMC_GetITStatus                                  Debug/Libraries/STM32F4xx_StdPeriph_Driver/src/stm32f4xx_fsmc.o
FSMC_IRQHandler                                   Debug/src/startup_stm32f40xx.o
FSMC_ITConfig                                     Debug/Libraries/STM32F4xx_StdPeriph_Driver/src/stm32f4xx_fsmc.o
FSMC_NANDCmd                                      Debug/Libraries/STM32F4xx_StdPeriph_Driver/src/stm32f4xx_fsmc.o
FSMC_NANDDeInit                                   Debug/Libraries/STM32F4xx_StdPeriph_Driver/src/stm32f4xx_fsmc.o
FSMC_NANDECCCmd                                   Debug/Libraries/STM32F4xx_StdPeriph_Driver/src/stm32f4xx_fsmc.o
FSMC_NANDInit                                     Debug/Libraries/STM32F4xx_StdPeriph_Driver/src/stm32f4xx_fsmc.o
FSMC_NANDStructInit                               Debug/Libraries/STM32F4xx_StdPeriph_Driver/src/stm32f4xx_fsmc.o
FSMC_NORSRAMCmd                                   Debug/Libraries/STM32F4xx_StdPeriph_Driver/src/stm32f4xx_fsmc.o
FSMC_NORSRAMDeInit                                Debug/Libraries/STM32F4xx_StdPeriph_Driver/src/stm32f4xx_fsmc.o
FSMC_NORSRAMInit                                  Debug/Libraries/STM32F4xx_StdPeriph_Driver/src/stm32f4xx_fsmc.o
FSMC_NORSRAMStructInit                            Debug/Libraries/STM32F4xx_StdPeriph_Driver/src/stm32f4xx_fsmc.o
FSMC_PCCARDCmd                                    Debug/Libraries/STM32F4xx_StdPeriph_Driver/src/stm32f4xx_fsmc.o
FSMC_PCCARDDeInit                                 Debug/Libraries/STM32F4xx_StdPeriph_Driver/src/stm32f4xx_fsmc.o
FSMC_PCCARDInit                                   Debug/Libraries/STM32F4xx_StdPeriph_Driver/src/stm32f4xx_fsmc.o
FSMC_PCCARDStructInit                             Debug/Libraries/STM32F4xx_StdPeriph_Driver/src/stm32f4xx_fsmc.o
GPIO_DeInit                                       Debug/Libraries/STM32F4xx_StdPeriph_Driver/src/stm32f4xx_gpio.o
GPIO_Init                                         Debug/Libraries/STM32F4xx_StdPeriph_Driver/src/stm32f4xx_gpio.o
                                                  Debug/src/uart.o
                                                  Debug/src/motor_pwm.o
                                                  Debug/src/motor_adc.o
                                                  Debug/src/led.o
                                                  Debug/src/i2c.o
                                                  Debug/src/debug_gpio.o
                                                  Debug/src/button.o
GPIO_PinAFConfig                                  Debug/Libraries/STM32F4xx_StdPeriph_Driver/src/stm32f4xx_gpio.o
                                                  Debug/src/uart.o
                                                  Debug/src/motor_pwm.o
                                                  Debug/src/i2c.o
GPIO_PinLockConfig                                Debug/Libraries/STM32F4xx_StdPeriph_Driver/src/stm32f4xx_gpio.o
GPIO_ReadInputData                                Debug/Libraries/STM32F4xx_StdPeriph_Driver/src/stm32f4xx_gpio.o
GPIO_ReadInputDataBit                             Debug/Libraries/STM32F4xx_StdPeriph_Driver/src/stm32f4xx_gpio.o
                                                  Debug/src/button.o
GPIO_ReadOutputData                               Debug/Libraries/STM32F4xx_StdPeriph_Driver/src/stm32f4xx_gpio.o
GPIO_ReadOutputDataBit                            Debug/Libraries/STM32F4xx_StdPeriph_Driver/src/stm32f4xx_gpio.o
GPIO_ResetBits                                    Debug/Libraries/STM32F4xx_StdPeriph_Driver/src/stm32f4xx_gpio.o
                                                  Debug/src/led.o
                                                  Debug/src/debug_gpio.o
GPIO_SetBits                                      Debug/Libraries/STM32F4xx_StdPeriph_Driver/src/stm32f4xx_gpio.o
                                                  Debug/src/led.o
                                                  Debug/src/debug_gpio.o
GPIO_StructInit                                   Debug/Libraries/STM32F4xx_StdPeriph_Driver/src/stm32f4xx_gpio.o
GPIO_ToggleBits                                   Debug/Libraries/STM32F4xx_StdPeriph_Driver/src/stm32f4xx_gpio.o
                                                  Debug/src/led.o
                                                  Debug/src/debug_gpio.o
GPIO_Write                                        Debug/Libraries/STM32F4xx_StdPeriph_Driver/src/stm32f4xx_gpio.o
GPIO_WriteBit                                     Debug/Libraries/STM32F4xx_StdPeriph_Driver/src/stm32f4xx_gpio.o
HASH_AutoStartDigest                              Debug/Libraries/STM32F4xx_StdPeriph_Driver/src/stm32f4xx_hash.o
HASH_ClearFlag                                    Debug/Libraries/STM32F4xx_StdPeriph_Driver/src/stm32f4xx_hash.o
HASH_ClearITPendingBit                            Debug/Libraries/STM32F4xx_StdPeriph_Driver/src/stm32f4xx_hash.o
HASH_DMACmd                                       Debug/Libraries/STM32F4xx_StdPeriph_Driver/src/stm32f4xx_hash.o
HASH_DataIn                                       Debug/Libraries/STM32F4xx_StdPeriph_Driver/src/stm32f4xx_hash.o
                                                  Debug/Libraries/STM32F4xx_StdPeriph_Driver/src/stm32f4xx_hash_sha1.o
                                                  Debug/Libraries/STM32F4xx_StdPeriph_Driver/src/stm32f4xx_hash_md5.o
HASH_DeInit                                       Debug/Libraries/STM32F4xx_StdPeriph_Driver/src/stm32f4xx_hash.o
                                                  Debug/Libraries/STM32F4xx_StdPeriph_Driver/src/stm32f4xx_hash_sha1.o
                                                  Debug/Libraries/STM32F4xx_StdPeriph_Driver/src/stm32f4xx_hash_md5.o
HASH_GetDigest                                    Debug/Libraries/STM32F4xx_StdPeriph_Driver/src/stm32f4xx_hash.o
                                                  Debug/Libraries/STM32F4xx_StdPeriph_Driver/src/stm32f4xx_hash_sha1.o
                                                  Debug/Libraries/STM32F4xx_StdPeriph_Driver/src/stm32f4xx_hash_md5.o
HASH_GetFlagStatus                                Debug/Libraries/STM32F4xx_StdPeriph_Driver/src/stm32f4xx_hash.o
                                                  Debug/Libraries/STM32F4xx_StdPeriph_Driver/src/stm32f4xx_hash_sha1.o
                                                  Debug/Libraries/STM32F4xx_StdPeriph_Driver/src/stm32f4xx_hash_md5.o
HASH_GetITStatus                                  Debug/Libraries/STM32F4xx_StdPeriph_Driver/src/stm32f4xx_hash.o
HASH_GetInFIFOWordsNbr                            Debug/Libraries/STM32F4xx_StdPeriph_Driver/src/stm32f4xx_hash.o
HASH_ITConfig                                     Debug/Libraries/STM32F4xx_StdPeriph_Driver/src/stm32f4xx_hash.o
HASH_Init                                         Debug/Libraries/STM32F4xx_StdPeriph_Driver/src/stm32f4xx_hash.o
                                                  Debug/Libraries/STM32F4xx_StdPeriph_Driver/src/stm32f4xx_hash_sha1.o
                                                  Debug/Libraries/STM32F4xx_StdPeriph_Driver/src/stm32f4xx_hash_md5.o
HASH_MD5                                          Debug/Libraries/STM32F4xx_StdPeriph_Driver/src/stm32f4xx_hash_md5.o
HASH_RNG_IRQHandler                               Debug/src/startup_stm32f40xx.o
HASH_Reset                                        Debug/Libraries/STM32F4xx_StdPeriph_Driver/src/stm32f4xx_hash.o
HASH_RestoreContext                               Debug/Libraries/STM32F4xx_StdPeriph_Driver/src/stm32f4xx_hash.o
HASH_SHA1                                         Debug/Libraries/STM32F4xx_StdPeriph_Driver/src/stm32f4xx_hash_sha1.o
HASH_SaveContext                                  Debug/Libraries/STM32F4xx_StdPeriph_Driver/src/stm32f4xx_hash.o
HASH_SetLastWordValidBitsNbr                      Debug/Libraries/STM32F4xx_StdPeriph_Driver/src/stm32f4xx_hash.o
                                                  Debug/Libraries/STM32F4xx_StdPeriph_Driver/src/stm32f4xx_hash_sha1.o
                                                  Debug/Libraries/STM32F4xx_StdPeriph_Driver/src/stm32f4xx_hash_md5.o
HASH_StartDigest                                  Debug/Libraries/STM32F4xx_StdPeriph_Driver/src/stm32f4xx_hash.o
                                                  Debug/Libraries/STM32F4xx_StdPeriph_Driver/src/stm32f4xx_hash_sha1.o
                                                  Debug/Libraries/STM32F4xx_StdPeriph_Driver/src/stm32f4xx_hash_md5.o
HASH_StructInit                                   Debug/Libraries/STM32F4xx_StdPeriph_Driver/src/stm32f4xx_hash.o
HMAC_MD5                                          Debug/Libraries/STM32F4xx_StdPeriph_Driver/src/stm32f4xx_hash_md5.o
HMAC_SHA1                                         Debug/Libraries/STM32F4xx_StdPeriph_Driver/src/stm32f4xx_hash_sha1.o
HardFault_Handler                                 Debug/src/stm32f4xx_it.o
I2C1_ER_IRQHandler                                Debug/src/startup_stm32f40xx.o
I2C1_EV_IRQHandler                                Debug/src/startup_stm32f40xx.o
I2C2_ER_IRQHandler                                Debug/src/i2c.o
I2C2_EV_IRQHandler                                Debug/src/i2c.o
I2C3_ER_IRQHandler                                Debug/src/startup_stm32f40xx.o
I2C3_EV_IRQHandler                                Debug/src/startup_stm32f40xx.o
I2C_ARPCmd                                        Debug/Libraries/STM32F4xx_StdPeriph_Driver/src/stm32f4xx_i2c.o
I2C_AcknowledgeConfig                             Debug/Libraries/STM32F4xx_StdPeriph_Driver/src/stm32f4xx_i2c.o
                                                  Debug/src/i2c.o